Archive member included to satisfy reference by file (symbol)

c:/arm-gnu-toolchain/bin/../lib/gcc/arm-none-eabi/12.3.1/thumb/v7-m/nofp\libgcc.a(_arm_mulsf3.o)
                              CMakeFiles/simple-flight.elf.dir/BSP/lcd.c.obj (__aeabi_fmul)
c:/arm-gnu-toolchain/bin/../lib/gcc/arm-none-eabi/12.3.1/thumb/v7-m/nofp\libgcc.a(_arm_addsubsf3.o)
                              CMakeFiles/simple-flight.elf.dir/Core/Src/main.c.obj (__aeabi_fsub)
c:/arm-gnu-toolchain/bin/../lib/gcc/arm-none-eabi/12.3.1/thumb/v7-m/nofp\libgcc.a(_arm_muldivsf3.o)
                              CMakeFiles/simple-flight.elf.dir/Core/Src/main.c.obj (__aeabi_fdiv)
c:/arm-gnu-toolchain/bin/../lib/gcc/arm-none-eabi/12.3.1/thumb/v7-m/nofp\libgcc.a(_arm_fixunssfsi.o)
                              CMakeFiles/simple-flight.elf.dir/BSP/lcd.c.obj (__aeabi_f2uiz)
c:/arm-gnu-toolchain/bin/../lib/gcc/arm-none-eabi/12.3.1/thumb/v7-m/nofp\libg.a(libc_a-exit.o)
                              c:/arm-gnu-toolchain/bin/../lib/gcc/arm-none-eabi/12.3.1/thumb/v7-m/nofp/crt0.o (exit)
c:/arm-gnu-toolchain/bin/../lib/gcc/arm-none-eabi/12.3.1/thumb/v7-m/nofp\libg.a(libc_a-findfp.o)
                              c:/arm-gnu-toolchain/bin/../lib/gcc/arm-none-eabi/12.3.1/thumb/v7-m/nofp\libg.a(libc_a-exit.o) (__stdio_exit_handler)
c:/arm-gnu-toolchain/bin/../lib/gcc/arm-none-eabi/12.3.1/thumb/v7-m/nofp\libg.a(libc_a-fwalk.o)
                              c:/arm-gnu-toolchain/bin/../lib/gcc/arm-none-eabi/12.3.1/thumb/v7-m/nofp\libg.a(libc_a-findfp.o) (_fwalk_sglue)
c:/arm-gnu-toolchain/bin/../lib/gcc/arm-none-eabi/12.3.1/thumb/v7-m/nofp\libg.a(libc_a-sprintf.o)
                              CMakeFiles/simple-flight.elf.dir/BSP/lcd.c.obj (sprintf)
c:/arm-gnu-toolchain/bin/../lib/gcc/arm-none-eabi/12.3.1/thumb/v7-m/nofp\libg.a(libc_a-stdio.o)
                              c:/arm-gnu-toolchain/bin/../lib/gcc/arm-none-eabi/12.3.1/thumb/v7-m/nofp\libg.a(libc_a-findfp.o) (__sread)
c:/arm-gnu-toolchain/bin/../lib/gcc/arm-none-eabi/12.3.1/thumb/v7-m/nofp\libg.a(libc_a-vsprintf.o)
                              CMakeFiles/simple-flight.elf.dir/Core/Src/usart.c.obj (vsprintf)
c:/arm-gnu-toolchain/bin/../lib/gcc/arm-none-eabi/12.3.1/thumb/v7-m/nofp\libg.a(libc_a-memset.o)
                              c:/arm-gnu-toolchain/bin/../lib/gcc/arm-none-eabi/12.3.1/thumb/v7-m/nofp/crt0.o (memset)
c:/arm-gnu-toolchain/bin/../lib/gcc/arm-none-eabi/12.3.1/thumb/v7-m/nofp\libg.a(libc_a-closer.o)
                              c:/arm-gnu-toolchain/bin/../lib/gcc/arm-none-eabi/12.3.1/thumb/v7-m/nofp\libg.a(libc_a-stdio.o) (_close_r)
c:/arm-gnu-toolchain/bin/../lib/gcc/arm-none-eabi/12.3.1/thumb/v7-m/nofp\libg.a(libc_a-reent.o)
                              c:/arm-gnu-toolchain/bin/../lib/gcc/arm-none-eabi/12.3.1/thumb/v7-m/nofp\libg.a(libc_a-closer.o) (errno)
c:/arm-gnu-toolchain/bin/../lib/gcc/arm-none-eabi/12.3.1/thumb/v7-m/nofp\libg.a(libc_a-impure.o)
                              c:/arm-gnu-toolchain/bin/../lib/gcc/arm-none-eabi/12.3.1/thumb/v7-m/nofp\libg.a(libc_a-sprintf.o) (_impure_ptr)
c:/arm-gnu-toolchain/bin/../lib/gcc/arm-none-eabi/12.3.1/thumb/v7-m/nofp\libg.a(libc_a-lseekr.o)
                              c:/arm-gnu-toolchain/bin/../lib/gcc/arm-none-eabi/12.3.1/thumb/v7-m/nofp\libg.a(libc_a-stdio.o) (_lseek_r)
c:/arm-gnu-toolchain/bin/../lib/gcc/arm-none-eabi/12.3.1/thumb/v7-m/nofp\libg.a(libc_a-readr.o)
                              c:/arm-gnu-toolchain/bin/../lib/gcc/arm-none-eabi/12.3.1/thumb/v7-m/nofp\libg.a(libc_a-stdio.o) (_read_r)
c:/arm-gnu-toolchain/bin/../lib/gcc/arm-none-eabi/12.3.1/thumb/v7-m/nofp\libg.a(libc_a-writer.o)
                              c:/arm-gnu-toolchain/bin/../lib/gcc/arm-none-eabi/12.3.1/thumb/v7-m/nofp\libg.a(libc_a-stdio.o) (_write_r)
c:/arm-gnu-toolchain/bin/../lib/gcc/arm-none-eabi/12.3.1/thumb/v7-m/nofp\libg.a(libc_a-errno.o)
                              CMakeFiles/simple-flight.elf.dir/Core/Src/syscalls.c.obj (__errno)
c:/arm-gnu-toolchain/bin/../lib/gcc/arm-none-eabi/12.3.1/thumb/v7-m/nofp\libg.a(libc_a-init.o)
                              c:/arm-gnu-toolchain/bin/../lib/gcc/arm-none-eabi/12.3.1/thumb/v7-m/nofp/crt0.o (__libc_init_array)
c:/arm-gnu-toolchain/bin/../lib/gcc/arm-none-eabi/12.3.1/thumb/v7-m/nofp\libg.a(libc_a-lock.o)
                              c:/arm-gnu-toolchain/bin/../lib/gcc/arm-none-eabi/12.3.1/thumb/v7-m/nofp\libg.a(libc_a-findfp.o) (__retarget_lock_init_recursive)
c:/arm-gnu-toolchain/bin/../lib/gcc/arm-none-eabi/12.3.1/thumb/v7-m/nofp\libg.a(libc_a-strlen-stub.o)
                              CMakeFiles/simple-flight.elf.dir/Core/Src/usart.c.obj (strlen)
c:/arm-gnu-toolchain/bin/../lib/gcc/arm-none-eabi/12.3.1/thumb/v7-m/nofp\libg.a(libc_a-__call_atexit.o)
                              c:/arm-gnu-toolchain/bin/../lib/gcc/arm-none-eabi/12.3.1/thumb/v7-m/nofp\libg.a(libc_a-exit.o) (__call_exitprocs)
c:/arm-gnu-toolchain/bin/../lib/gcc/arm-none-eabi/12.3.1/thumb/v7-m/nofp\libg.a(libc_a-atexit.o)
[...]
Memory Configuration

Name             Origin             Length             Attributes
RAM              0x20000000         0x0000c000         xrw
FLASH            0x08000000         0x00040000         xr
*default*        0x00000000         0xffffffff

Linker script and memory map

LOAD c:/arm-gnu-toolchain/bin/../lib/gcc/arm-none-eabi/12.3.1/thumb/v7-m/nofp/crti.o
LOAD c:/arm-gnu-toolchain/bin/../lib/gcc/arm-none-eabi/12.3.1/thumb/v7-m/nofp/crtbegin.o
LOAD c:/arm-gnu-toolchain/bin/../lib/gcc/arm-none-eabi/12.3.1/thumb/v7-m/nofp/crt0.o
LOAD CMakeFiles/simple-flight.elf.dir/BSP/lcd.c.obj
LOAD CMakeFiles/simple-flight.elf.dir/BSP/lcd_init.c.obj
LOAD CMakeFiles/simple-flight.elf.dir/Core/Src/adc.c.obj
LOAD CMakeFiles/simple-flight.elf.dir/Core/Src/btn.c.obj
LOAD CMakeFiles/simple-flight.elf.dir/Core/Src/dma.c.obj
LOAD CMakeFiles/simple-flight.elf.dir/Core/Src/gpio.c.obj
LOAD CMakeFiles/simple-flight.elf.dir/Core/Src/main.c.obj
LOAD CMakeFiles/simple-flight.elf.dir/Core/Src/spi.c.obj
LOAD CMakeFiles/simple-flight.elf.dir/Core/Src/stm32f1xx_hal_msp.c.obj
LOAD CMakeFiles/simple-flight.elf.dir/Core/Src/stm32f1xx_it.c.obj
LOAD CMakeFiles/simple-flight.elf.dir/Core/Src/syscalls.c.obj
LOAD CMakeFiles/simple-flight.elf.dir/Core/Src/sysmem.c.obj
LOAD CMakeFiles/simple-flight.elf.dir/Core/Src/system_stm32f1xx.c.obj
LOAD CMakeFiles/simple-flight.elf.dir/Core/Src/tim.c.obj
LOAD CMakeFiles/simple-flight.elf.dir/Core/Src/usart.c.obj
LOAD CMakeFiles/simple-flight.elf.dir/Core/Startup/startup_stm32f103rctx.s.obj
LOAD CMakeFiles/simple-flight.elf.dir/Drivers/STM32F1xx_HAL_Driver/Src/stm32f1xx_hal.c.obj
LOAD CMakeFiles/simple-flight.elf.dir/Drivers/STM32F1xx_HAL_Driver/Src/stm32f1xx_hal_adc.c.obj
LOAD CMakeFiles/simple-flight.elf.dir/Drivers/STM32F1xx_HAL_Driver/Src/stm32f1xx_hal_adc_ex.c.obj
LOAD CMakeFiles/simple-flight.elf.dir/Drivers/STM32F1xx_HAL_Driver/Src/stm32f1xx_hal_cortex.c.obj
LOAD CMakeFiles/simple-flight.elf.dir/Drivers/STM32F1xx_HAL_Driver/Src/stm32f1xx_hal_dma.c.obj
LOAD CMakeFiles/simple-flight.elf.dir/Drivers/STM32F1xx_HAL_Driver/Src/stm32f1xx_hal_exti.c.obj
LOAD CMakeFiles/simple-flight.elf.dir/Drivers/STM32F1xx_HAL_Driver/Src/stm32f1xx_hal_flash.c.obj
LOAD CMakeFiles/simple-flight.elf.dir/Drivers/STM32F1xx_HAL_Driver/Src/stm32f1xx_hal_flash_ex.c.obj
LOAD CMakeFiles/simple-flight.elf.dir/Drivers/STM32F1xx_HAL_Driver/Src/stm32f1xx_hal_gpio.c.obj
LOAD CMakeFiles/simple-flight.elf.dir/Drivers/STM32F1xx_HAL_Driver/Src/stm32f1xx_hal_gpio_ex.c.obj
LOAD CMakeFiles/simple-flight.elf.dir/Drivers/STM32F1xx_HAL_Driver/Src/stm32f1xx_hal_pwr.c.obj
LOAD CMakeFiles/simple-flight.elf.dir/Drivers/STM32F1xx_HAL_Driver/Src/stm32f1xx_hal_rcc.c.obj
LOAD CMakeFiles/simple-flight.elf.dir/Drivers/STM32F1xx_HAL_Driver/Src/stm32f1xx_hal_rcc_ex.c.obj
LOAD CMakeFiles/simple-flight.elf.dir/Drivers/STM32F1xx_HAL_Driver/Src/stm32f1xx_hal_spi.c.obj
LOAD CMakeFiles/simple-flight.elf.dir/Drivers/STM32F1xx_HAL_Driver/Src/stm32f1xx_hal_tim.c.obj
LOAD CMakeFiles/simple-flight.elf.dir/Drivers/STM32F1xx_HAL_Driver/Src/stm32f1xx_hal_tim_ex.c.obj
LOAD CMakeFiles/simple-flight.elf.dir/Drivers/STM32F1xx_HAL_Driver/Src/stm32f1xx_hal_uart.c.obj
LOAD CMakeFiles/simple-flight.elf.dir/Middleware/multi_button.c.obj
START GROUP
LOAD c:/arm-gnu-toolchain/bin/../lib/gcc/arm-none-eabi/12.3.1/thumb/v7-m/nofp\libgcc.a
LOAD c:/arm-gnu-toolchain/bin/../lib/gcc/arm-none-eabi/12.3.1/thumb/v7-m/nofp\libg.a
LOAD c:/arm-gnu-toolchain/bin/../lib/gcc/arm-none-eabi/12.3.1/thumb/v7-m/nofp\libc.a
END GROUP
LOAD c:/arm-gnu-toolchain/bin/../lib/gcc/arm-none-eabi/12.3.1/thumb/v7-m/nofp/crtend.o
LOAD c:/arm-gnu-toolchain/bin/../lib/gcc/arm-none-eabi/12.3.1/thumb/v7-m/nofp/crtn.o
                0x2000c000                        _estack = (ORIGIN (RAM) + LENGTH (RAM))
                0x00000200                        _Min_Heap_Size = 0x200
                0x00000400                        _Min_Stack_Size = 0x400

.isr_vector     0x08000000      0x1e4
                0x08000000                        . = ALIGN (0x4)
 *(.isr_vector)
 .isr_vector    0x08000000      0x1e4 CMakeFiles/simple-flight.elf.dir/Core/Startup/startup_stm32f103rctx.s.obj
                0x08000000                g_pfnVectors
                0x080001e4                        . = ALIGN (0x4)

.text           0x080001e8     0xb150
                0x080001e8                        . = ALIGN (0x4)
 *(.text)
 .text          0x080001e8      0x21c c:/arm-gnu-toolchain/bin/../lib/gcc/arm-none-eabi/12.3.1/thumb/v7-m/nofp\libgcc.a(_arm_addsubsf3.o)
                0x080001e8                __aeabi_frsub
                0x080001f0                __subsf3
                0x080001f0                __aeabi_fsub
                0x080001f4                __aeabi_fadd
                0x080001f4                __addsf3
                0x08000354                __aeabi_ui2f
                0x08000354                __floatunsisf
                0x0800035c                __aeabi_i2f
                0x0800035c                __floatsisf
                0x08000378                __aeabi_ul2f
                0x08000378                __floatundisf
                0x08000388                __aeabi_l2f
                0x08000388                __floatdisf
 .text          0x08000404      0x2a0 c:/arm-gnu-toolchain/bin/../lib/gcc/arm-none-eabi/12.3.1/thumb/v7-m/nofp\libgcc.a(_arm_muldivsf3.o)
                0x08000404                __mulsf3
                0x08000404                __aeabi_fmul
                0x0800056c                __aeabi_fdiv
                0x0800056c                __divsf3
 .text          0x080006a4       0x40 c:/arm-gnu-toolchain/bin/../lib/gcc/arm-none-eabi/12.3.1/thumb/v7-m/nofp\libgcc.a(_arm_fixunssfsi.o)
                0x080006a4                __fixunssfsi
                0x080006a4                __aeabi_f2uiz
 .text          0x080006e4       0xec c:/arm-gnu-toolchain/bin/../lib/gcc/arm-none-eabi/12.3.1/thumb/v7-m/nofp\libg.a(libc_a-memcpy.o)
                0x080006e4                memcpy
 .text          0x080007d0      0x378 c:/arm-gnu-toolchain/bin/../lib/gcc/arm-none-eabi/12.3.1/thumb/v7-m/nofp\libgcc.a(_arm_addsubdf3.o)
                0x080007d0                __aeabi_drsub
                0x080007d8                __aeabi_dsub
                0x080007d8                __subdf3
                0x080007dc                __aeabi_dadd
                0x080007dc                __adddf3
                0x08000a54                __floatunsidf
                0x08000a54                __aeabi_ui2d
                0x08000a74                __floatsidf
                0x08000a74                __aeabi_i2d
                0x08000a98                __aeabi_f2d
                0x08000a98                __extendsfdf2
                0x08000adc                __floatundidf
                0x08000adc                __aeabi_ul2d
                0x08000aec                __floatdidf
                0x08000aec                __aeabi_l2d
 .text          0x08000b48      0x424 c:/arm-gnu-toolchain/bin/../lib/gcc/arm-none-eabi/12.3.1/thumb/v7-m/nofp\libgcc.a(_arm_muldivdf3.o)
                0x08000b48                __aeabi_dmul
                0x08000b48                __muldf3
                0x08000d9c                __divdf3
                0x08000d9c                __aeabi_ddiv
 .text          0x08000f6c      0x110 c:/arm-gnu-toolchain/bin/../lib/gcc/arm-none-eabi/12.3.1/thumb/v7-m/nofp\libgcc.a(_arm_cmpdf2.o)
                0x08000f6c                __gtdf2
                0x08000f6c                __gedf2
                0x08000f74                __ltdf2
                0x08000f74                __ledf2
                0x08000f7c                __nedf2
                0x08000f7c                __eqdf2
                0x08000f7c                __cmpdf2
                0x08000ff8                __aeabi_cdrcmple
                0x08001008                __aeabi_cdcmpeq
                0x08001008                __aeabi_cdcmple
                0x08001018                __aeabi_dcmpeq
                0x0800102c                __aeabi_dcmplt
                0x08001040                __aeabi_dcmple
                0x08001054                __aeabi_dcmpge
                0x08001068                __aeabi_dcmpgt
 .text          0x0800107c       0x2c c:/arm-gnu-toolchain/bin/../lib/gcc/arm-none-eabi/12.3.1/thumb/v7-m/nofp\libgcc.a(_arm_unorddf2.o)
                0x0800107c                __unorddf2
                0x0800107c                __aeabi_dcmpun
 .text          0x080010a8       0x50 c:/arm-gnu-toolchain/bin/../lib/gcc/arm-none-eabi/12.3.1/thumb/v7-m/nofp\libgcc.a(_arm_fixdfsi.o)
                0x080010a8                __aeabi_d2iz
                0x080010a8                __fixdfsi
 *(.text*)
 .text.deregister_tm_clones
                0x080010f8       0x1c c:/arm-gnu-toolchain/bin/../lib/gcc/arm-none-eabi/12.3.1/thumb/v7-m/nofp/crtbegin.o
 .text.register_tm_clones
                0x08001114       0x24 c:/arm-gnu-toolchain/bin/../lib/gcc/arm-none-eabi/12.3.1/thumb/v7-m/nofp/crtbegin.o
 .text.__do_global_dtors_aux
                0x08001138       0x28 c:/arm-gnu-toolchain/bin/../lib/gcc/arm-none-eabi/12.3.1/thumb/v7-m/nofp/crtbegin.o
 .text.frame_dummy
                0x08001160       0x24 c:/arm-gnu-toolchain/bin/../lib/gcc/arm-none-eabi/12.3.1/thumb/v7-m/nofp/crtbegin.o
 .text.LCD_Fill
                0x08001184       0x3c CMakeFiles/simple-flight.elf.dir/BSP/lcd.c.obj
                0x08001184                LCD_Fill
 .text.LCD_DrawPoint
                0x080011c0       0x14 CMakeFiles/simple-flight.elf.dir/BSP/lcd.c.obj
                0x080011c0                LCD_DrawPoint
 .text.LCD_DrawLine
                0x080011d4       0xa6 CMakeFiles/simple-flight.elf.dir/BSP/lcd.c.obj
                0x080011d4                LCD_DrawLine
 .text.LCD_DrawRectangle
                0x0800127a       0x52 CMakeFiles/simple-flight.elf.dir/BSP/lcd.c.obj
                0x0800127a                LCD_DrawRectangle
 .text.LCD_Show_UI
                0x080012cc       0x26 CMakeFiles/simple-flight.elf.dir/BSP/lcd.c.obj
                0x080012cc                LCD_Show_UI
 *fill*         0x080012f2        0x2 
 .text.SPI_WriteByte
                0x080012f4       0x2c CMakeFiles/simple-flight.elf.dir/BSP/lcd_init.c.obj
                0x080012f4                SPI_WriteByte
 .text.LCD_Writ_Bus
                0x08001320       0x28 CMakeFiles/simple-flight.elf.dir/BSP/lcd_init.c.obj
                0x08001320                LCD_Writ_Bus
 .text.LCD_WR_DATA8
                0x08001348        0x8 CMakeFiles/simple-flight.elf.dir/BSP/lcd_init.c.obj
                0x08001348                LCD_WR_DATA8
 .text.LCD_WR_DATA
                0x08001350       0x12 CMakeFiles/simple-flight.elf.dir/BSP/lcd_init.c.obj
                0x08001350                LCD_WR_DATA
 *fill*         0x08001362        0x2 
 .text.LCD_WR_REG
                0x08001364       0x28 CMakeFiles/simple-flight.elf.dir/BSP/lcd_init.c.obj
                0x08001364                LCD_WR_REG
 .text.LCD_Address_Set
                0x0800138c       0x46 CMakeFiles/simple-flight.elf.dir/BSP/lcd_init.c.obj
                0x0800138c                LCD_Address_Set
 *fill*         0x080013d2        0x2 
 .text.LCD_Init
                0x080013d4      0x198 CMakeFiles/simple-flight.elf.dir/BSP/lcd_init.c.obj
                0x080013d4                LCD_Init
 .text.MX_ADC1_Init
                0x0800156c       0x90 CMakeFiles/simple-flight.elf.dir/Core/Src/adc.c.obj
                0x0800156c                MX_ADC1_Init
 .text.HAL_ADC_MspInit
                0x080015fc       0xb0 CMakeFiles/simple-flight.elf.dir/Core/Src/adc.c.obj
                0x080015fc                HAL_ADC_MspInit
 .text.BTN_X_PRESS_DOWN_Handler
                0x080016ac       0x10 CMakeFiles/simple-flight.elf.dir/Core/Src/btn.c.obj
                0x080016ac                BTN_X_PRESS_DOWN_Handler
 .text.BTN_Y_PRESS_DOWN_Handler
                0x080016bc       0x10 CMakeFiles/simple-flight.elf.dir/Core/Src/btn.c.obj
                0x080016bc                BTN_Y_PRESS_DOWN_Handler
 .text.BTN_A_PRESS_DOWN_Handler
                0x080016cc       0x10 CMakeFiles/simple-flight.elf.dir/Core/Src/btn.c.obj
                0x080016cc                BTN_A_PRESS_DOWN_Handler
 .text.BTN_B_PRESS_DOWN_Handler
                0x080016dc       0x10 CMakeFiles/simple-flight.elf.dir/Core/Src/btn.c.obj
                0x080016dc                BTN_B_PRESS_DOWN_Handler
 .text.BTN_UP_PRESS_DOWN_Handler
                0x080016ec       0x10 CMakeFiles/simple-flight.elf.dir/Core/Src/btn.c.obj
                0x080016ec                BTN_UP_PRESS_DOWN_Handler
 .text.BTN_DOWN_PRESS_DOWN_Handler
                0x080016fc       0x10 CMakeFiles/simple-flight.elf.dir/Core/Src/btn.c.obj
                0x080016fc                BTN_DOWN_PRESS_DOWN_Handler
 .text.BTN_LEFT_PRESS_DOWN_Handler
                0x0800170c       0x10 CMakeFiles/simple-flight.elf.dir/Core/Src/btn.c.obj
                0x0800170c                BTN_LEFT_PRESS_DOWN_Handler
 .text.BTN_RIGHT_PRESS_DOWN_Handler
                0x0800171c       0x10 CMakeFiles/simple-flight.elf.dir/Core/Src/btn.c.obj
                0x0800171c                BTN_RIGHT_PRESS_DOWN_Handler
 .text.BTN_L1_PRESS_DOWN_Handler
                0x0800172c       0x10 CMakeFiles/simple-flight.elf.dir/Core/Src/btn.c.obj
                0x0800172c                BTN_L1_PRESS_DOWN_Handler
 .text.BTN_L2_PRESS_DOWN_Handler
                0x0800173c       0x10 CMakeFiles/simple-flight.elf.dir/Core/Src/btn.c.obj
                0x0800173c                BTN_L2_PRESS_DOWN_Handler
 .text.BTN_MENU_PRESS_DOWN_Handler
                0x0800174c       0x10 CMakeFiles/simple-flight.elf.dir/Core/Src/btn.c.obj
                0x0800174c                BTN_MENU_PRESS_DOWN_Handler
 .text.BTN_BACK_PRESS_DOWN_Handler
                0x0800175c       0x10 CMakeFiles/simple-flight.elf.dir/Core/Src/btn.c.obj
                0x0800175c                BTN_BACK_PRESS_DOWN_Handler
 .text.BTN_X_PRESS_DOUBLE_Handler
                0x0800176c       0x10 CMakeFiles/simple-flight.elf.dir/Core/Src/btn.c.obj
                0x0800176c                BTN_X_PRESS_DOUBLE_Handler
 .text.read_button_GPIO
                0x0800177c       0xb0 CMakeFiles/simple-flight.elf.dir/Core/Src/btn.c.obj
                0x0800177c                read_button_GPIO
 .text.My_Button_Init
                0x0800182c      0x1e0 CMakeFiles/simple-flight.elf.dir/Core/Src/btn.c.obj
                0x0800182c                My_Button_Init
 .text.MX_DMA_Init
                0x08001a0c       0x34 CMakeFiles/simple-flight.elf.dir/Core/Src/dma.c.obj
                0x08001a0c                MX_DMA_Init
 .text.MX_GPIO_Init
                0x08001a40      0x124 CMakeFiles/simple-flight.elf.dir/Core/Src/gpio.c.obj
                0x08001a40                MX_GPIO_Init
 .text.HAL_ADC_ConvCpltCallback
                0x08001b64       0xa4 CMakeFiles/simple-flight.elf.dir/Core/Src/main.c.obj
                0x08001b64                HAL_ADC_ConvCpltCallback
 .text.Error_Handler
                0x08001c08        0x4 CMakeFiles/simple-flight.elf.dir/Core/Src/main.c.obj
                0x08001c08                Error_Handler
 .text.SystemClock_Config
                0x08001c0c       0x86 CMakeFiles/simple-flight.elf.dir/Core/Src/main.c.obj
                0x08001c0c                SystemClock_Config
 *fill*         0x08001c92        0x2 
 .text.main     0x08001c94       0xec CMakeFiles/simple-flight.elf.dir/Core/Src/main.c.obj
                0x08001c94                main
 .text.MX_SPI1_Init
                0x08001d80       0x48 CMakeFiles/simple-flight.elf.dir/Core/Src/spi.c.obj
                0x08001d80                MX_SPI1_Init
 .text.MX_SPI2_Init
                0x08001dc8       0x40 CMakeFiles/simple-flight.elf.dir/Core/Src/spi.c.obj
                0x08001dc8                MX_SPI2_Init
 .text.HAL_SPI_MspInit
                0x08001e08       0xc4 CMakeFiles/simple-flight.elf.dir/Core/Src/spi.c.obj
                0x08001e08                HAL_SPI_MspInit
 .text.HAL_MspInit
                0x08001ecc       0x44 CMakeFiles/simple-flight.elf.dir/Core/Src/stm32f1xx_hal_msp.c.obj
                0x08001ecc                HAL_MspInit
 .text.NMI_Handler
                0x08001f10        0x2 CMakeFiles/simple-flight.elf.dir/Core/Src/stm32f1xx_it.c.obj
                0x08001f10                NMI_Handler
 .text.HardFault_Handler
                0x08001f12        0x2 CMakeFiles/simple-flight.elf.dir/Core/Src/stm32f1xx_it.c.obj
                0x08001f12                HardFault_Handler
 .text.MemManage_Handler
                0x08001f14        0x2 CMakeFiles/simple-flight.elf.dir/Core/Src/stm32f1xx_it.c.obj
                0x08001f14                MemManage_Handler
 .text.BusFault_Handler
                0x08001f16        0x2 CMakeFiles/simple-flight.elf.dir/Core/Src/stm32f1xx_it.c.obj
                0x08001f16                BusFault_Handler
 .text.UsageFault_Handler
                0x08001f18        0x2 CMakeFiles/simple-flight.elf.dir/Core/Src/stm32f1xx_it.c.obj
                0x08001f18                UsageFault_Handler
 .text.SVC_Handler
                0x08001f1a        0x2 CMakeFiles/simple-flight.elf.dir/Core/Src/stm32f1xx_it.c.obj
                0x08001f1a                SVC_Handler
 .text.DebugMon_Handler
                0x08001f1c        0x2 CMakeFiles/simple-flight.elf.dir/Core/Src/stm32f1xx_it.c.obj
                0x08001f1c                DebugMon_Handler
 .text.PendSV_Handler
                0x08001f1e        0x2 CMakeFiles/simple-flight.elf.dir/Core/Src/stm32f1xx_it.c.obj
                0x08001f1e                PendSV_Handler
 .text.SysTick_Handler
                0x08001f20        0x8 CMakeFiles/simple-flight.elf.dir/Core/Src/stm32f1xx_it.c.obj
                0x08001f20                SysTick_Handler
 .text.DMA1_Channel1_IRQHandler
                0x08001f28       0x10 CMakeFiles/simple-flight.elf.dir/Core/Src/stm32f1xx_it.c.obj
                0x08001f28                DMA1_Channel1_IRQHandler
 .text.ADC1_2_IRQHandler
                0x08001f38       0x10 CMakeFiles/simple-flight.elf.dir/Core/Src/stm32f1xx_it.c.obj
                0x08001f38                ADC1_2_IRQHandler
 .text.TIM3_IRQHandler
                0x08001f48       0x10 CMakeFiles/simple-flight.elf.dir/Core/Src/stm32f1xx_it.c.obj
                0x08001f48                TIM3_IRQHandler
 .text.USART1_IRQHandler
                0x08001f58       0x48 CMakeFiles/simple-flight.elf.dir/Core/Src/stm32f1xx_it.c.obj
                0x08001f58                USART1_IRQHandler
 .text.USART2_IRQHandler
                0x08001fa0       0x48 CMakeFiles/simple-flight.elf.dir/Core/Src/stm32f1xx_it.c.obj
                0x08001fa0                USART2_IRQHandler
 .text.TIM6_IRQHandler
                0x08001fe8       0x10 CMakeFiles/simple-flight.elf.dir/Core/Src/stm32f1xx_it.c.obj
                0x08001fe8                TIM6_IRQHandler
 .text.HAL_TIM_PeriodElapsedCallback
                0x08001ff8       0x30 CMakeFiles/simple-flight.elf.dir/Core/Src/stm32f1xx_it.c.obj
                0x08001ff8                HAL_TIM_PeriodElapsedCallback
 .text.HAL_UART_AbortReceiveCpltCallback
                0x08002028       0xe4 CMakeFiles/simple-flight.elf.dir/Core/Src/stm32f1xx_it.c.obj
                0x08002028                HAL_UART_AbortReceiveCpltCallback
 .text._getpid  0x0800210c        0x4 CMakeFiles/simple-flight.elf.dir/Core/Src/syscalls.c.obj
                0x0800210c                _getpid
 .text._kill    0x08002110       0x10 CMakeFiles/simple-flight.elf.dir/Core/Src/syscalls.c.obj
                0x08002110                _kill
 .text._exit    0x08002120        0xc CMakeFiles/simple-flight.elf.dir/Core/Src/syscalls.c.obj
                0x08002120                _exit
 .text._read    0x0800212c       0x20 CMakeFiles/simple-flight.elf.dir/Core/Src/syscalls.c.obj
                0x0800212c                _read
 .text._write   0x0800214c       0x1c CMakeFiles/simple-flight.elf.dir/Core/Src/syscalls.c.obj
                0x0800214c                _write
 .text._close   0x08002168        0x6 CMakeFiles/simple-flight.elf.dir/Core/Src/syscalls.c.obj
                0x08002168                _close
 .text._fstat   0x0800216e        0xa CMakeFiles/simple-flight.elf.dir/Core/Src/syscalls.c.obj
                0x0800216e                _fstat
 .text._isatty  0x08002178        0x4 CMakeFiles/simple-flight.elf.dir/Core/Src/syscalls.c.obj
                0x08002178                _isatty
 .text._lseek   0x0800217c        0x4 CMakeFiles/simple-flight.elf.dir/Core/Src/syscalls.c.obj
                0x0800217c                _lseek
 .text._sbrk    0x08002180       0x48 CMakeFiles/simple-flight.elf.dir/Core/Src/sysmem.c.obj
                0x08002180                _sbrk
 .text.SystemInit
                0x080021c8        0x2 CMakeFiles/simple-flight.elf.dir/Core/Src/system_stm32f1xx.c.obj
                0x080021c8                SystemInit
 *fill*         0x080021ca        0x2 
 .text.MX_TIM3_Init
                0x080021cc       0x70 CMakeFiles/simple-flight.elf.dir/Core/Src/tim.c.obj
                0x080021cc                MX_TIM3_Init
 .text.MX_TIM6_Init
                0x0800223c       0x50 CMakeFiles/simple-flight.elf.dir/Core/Src/tim.c.obj
                0x0800223c                MX_TIM6_Init
 .text.HAL_TIM_Base_MspInit
                0x0800228c       0x70 CMakeFiles/simple-flight.elf.dir/Core/Src/tim.c.obj
                0x0800228c                HAL_TIM_Base_MspInit
 .text.HAL_UART_MspInit
                0x080022fc       0xf4 CMakeFiles/simple-flight.elf.dir/Core/Src/usart.c.obj
                0x080022fc                HAL_UART_MspInit
 .text.U1_Printf
                0x080023f0       0x3c CMakeFiles/simple-flight.elf.dir/Core/Src/usart.c.obj
                0x080023f0                U1_Printf
 .text.U1_CB_Init
                0x0800242c       0x24 CMakeFiles/simple-flight.elf.dir/Core/Src/usart.c.obj
                0x0800242c                U1_CB_Init
 .text.MX_USART1_UART_Init
                0x08002450       0x58 CMakeFiles/simple-flight.elf.dir/Core/Src/usart.c.obj
                0x08002450                MX_USART1_UART_Init
 .text.U2_CB_Init
                0x080024a8       0x24 CMakeFiles/simple-flight.elf.dir/Core/Src/usart.c.obj
                0x080024a8                U2_CB_Init
 .text.MX_USART2_UART_Init
                0x080024cc       0x58 CMakeFiles/simple-flight.elf.dir/Core/Src/usart.c.obj
                0x080024cc                MX_USART2_UART_Init
 .text.Reset_Handler
                0x08002524       0x48 CMakeFiles/simple-flight.elf.dir/Core/Startup/startup_stm32f103rctx.s.obj
                0x08002524                Reset_Handler
 .text.Default_Handler
                0x0800256c        0x2 CMakeFiles/simple-flight.elf.dir/Core/Startup/startup_stm32f103rctx.s.obj
                0x0800256c                RTC_Alarm_IRQHandler
                0x0800256c                EXTI2_IRQHandler
                0x0800256c                TIM8_TRG_COM_IRQHandler
                0x0800256c                TIM8_CC_IRQHandler
                0x0800256c                TIM1_CC_IRQHandler
                0x0800256c                PVD_IRQHandler
                0x0800256c                SDIO_IRQHandler
                0x0800256c                EXTI3_IRQHandler
                0x0800256c                EXTI0_IRQHandler
                0x0800256c                I2C2_EV_IRQHandler
                0x0800256c                SPI1_IRQHandler
                0x0800256c                TAMPER_IRQHandler
                0x0800256c                TIM8_UP_IRQHandler
                0x0800256c                DMA2_Channel2_IRQHandler
                0x0800256c                DMA1_Channel4_IRQHandler
                0x0800256c                USART3_IRQHandler
                0x0800256c                RTC_IRQHandler
                0x0800256c                DMA1_Channel7_IRQHandler
                0x0800256c                CAN1_RX1_IRQHandler
                0x0800256c                UART5_IRQHandler
                0x0800256c                ADC3_IRQHandler
                0x0800256c                TIM4_IRQHandler
                0x0800256c                DMA2_Channel1_IRQHandler
                0x0800256c                I2C1_EV_IRQHandler
                0x0800256c                DMA1_Channel6_IRQHandler
                0x0800256c                UART4_IRQHandler
                0x0800256c                RCC_IRQHandler
                0x0800256c                TIM1_TRG_COM_IRQHandler
                0x0800256c                Default_Handler
                0x0800256c                EXTI15_10_IRQHandler
                0x0800256c                TIM7_IRQHandler
                0x0800256c                TIM5_IRQHandler
                0x0800256c                EXTI9_5_IRQHandler
                0x0800256c                SPI2_IRQHandler
                0x0800256c                DMA1_Channel5_IRQHandler
                0x0800256c                EXTI4_IRQHandler
                0x0800256c                USB_LP_CAN1_RX0_IRQHandler
                0x0800256c                USB_HP_CAN1_TX_IRQHandler
                0x0800256c                DMA1_Channel3_IRQHandler
                0x0800256c                FSMC_IRQHandler
                0x0800256c                TIM1_UP_IRQHandler
                0x0800256c                WWDG_IRQHandler
                0x0800256c                TIM2_IRQHandler
                0x0800256c                TIM1_BRK_IRQHandler
                0x0800256c                EXTI1_IRQHandler
                0x0800256c                DMA2_Channel4_5_IRQHandler
                0x0800256c                I2C2_ER_IRQHandler
                0x0800256c                DMA1_Channel2_IRQHandler
                0x0800256c                TIM8_BRK_IRQHandler
                0x0800256c                CAN1_SCE_IRQHandler
                0x0800256c                FLASH_IRQHandler
                0x0800256c                SPI3_IRQHandler
                0x0800256c                I2C1_ER_IRQHandler
                0x0800256c                USBWakeUp_IRQHandler
                0x0800256c                DMA2_Channel3_IRQHandler
 *fill*         0x0800256e        0x2 
 .text.HAL_InitTick
                0x08002570       0x4c CMakeFiles/simple-flight.elf.dir/Drivers/STM32F1xx_HAL_Driver/Src/stm32f1xx_hal.c.obj
                0x08002570                HAL_InitTick
 .text.HAL_Init
                0x080025bc       0x24 CMakeFiles/simple-flight.elf.dir/Drivers/STM32F1xx_HAL_Driver/Src/stm32f1xx_hal.c.obj
                0x080025bc                HAL_Init
 .text.HAL_IncTick
                0x080025e0       0x18 CMakeFiles/simple-flight.elf.dir/Drivers/STM32F1xx_HAL_Driver/Src/stm32f1xx_hal.c.obj
                0x080025e0                HAL_IncTick
 .text.HAL_GetTick
                0x080025f8        0xc CMakeFiles/simple-flight.elf.dir/Drivers/STM32F1xx_HAL_Driver/Src/stm32f1xx_hal.c.obj
                0x080025f8                HAL_GetTick
 .text.HAL_Delay
                0x08002604       0x28 CMakeFiles/simple-flight.elf.dir/Drivers/STM32F1xx_HAL_Driver/Src/stm32f1xx_hal.c.obj
                0x08002604                HAL_Delay
 .text.ADC_DMAConvCplt
                0x0800262c       0x52 CMakeFiles/simple-flight.elf.dir/Drivers/STM32F1xx_HAL_Driver/Src/stm32f1xx_hal_adc.c.obj
                0x0800262c                ADC_DMAConvCplt
 .text.HAL_ADC_ConvHalfCpltCallback
                0x0800267e        0x2 CMakeFiles/simple-flight.elf.dir/Drivers/STM32F1xx_HAL_Driver/Src/stm32f1xx_hal_adc.c.obj
                0x0800267e                HAL_ADC_ConvHalfCpltCallback
 .text.ADC_DMAHalfConvCplt
                0x08002680        0xa CMakeFiles/simple-flight.elf.dir/Drivers/STM32F1xx_HAL_Driver/Src/stm32f1xx_hal_adc.c.obj
                0x08002680                ADC_DMAHalfConvCplt
 .text.HAL_ADC_LevelOutOfWindowCallback
                0x0800268a        0x2 CMakeFiles/simple-flight.elf.dir/Drivers/STM32F1xx_HAL_Driver/Src/stm32f1xx_hal_adc.c.obj
                0x0800268a                HAL_ADC_LevelOutOfWindowCallback
 .text.HAL_ADC_IRQHandler
                0x0800268c      0x102 CMakeFiles/simple-flight.elf.dir/Drivers/STM32F1xx_HAL_Driver/Src/stm32f1xx_hal_adc.c.obj
                0x0800268c                HAL_ADC_IRQHandler
 .text.HAL_ADC_ErrorCallback
                0x0800278e        0x2 CMakeFiles/simple-flight.elf.dir/Drivers/STM32F1xx_HAL_Driver/Src/stm32f1xx_hal_adc.c.obj
                0x0800278e                HAL_ADC_ErrorCallback
 .text.ADC_DMAError
                0x08002790       0x1a CMakeFiles/simple-flight.elf.dir/Drivers/STM32F1xx_HAL_Driver/Src/stm32f1xx_hal_adc.c.obj
                0x08002790                ADC_DMAError
 *fill*         0x080027aa        0x2 
 .text.HAL_ADC_ConfigChannel
                0x080027ac      0x140 CMakeFiles/simple-flight.elf.dir/Drivers/STM32F1xx_HAL_Driver/Src/stm32f1xx_hal_adc.c.obj
                0x080027ac                HAL_ADC_ConfigChannel
 .text.ADC_Enable
                0x080028ec       0x88 CMakeFiles/simple-flight.elf.dir/Drivers/STM32F1xx_HAL_Driver/Src/stm32f1xx_hal_adc.c.obj
                0x080028ec                ADC_Enable
 .text.HAL_ADC_Start_DMA
                0x08002974      0x130 CMakeFiles/simple-flight.elf.dir/Drivers/STM32F1xx_HAL_Driver/Src/stm32f1xx_hal_adc.c.obj
                0x08002974                HAL_ADC_Start_DMA
 .text.ADC_ConversionStop_Disable
                0x08002aa4       0x56 CMakeFiles/simple-flight.elf.dir/Drivers/STM32F1xx_HAL_Driver/Src/stm32f1xx_hal_adc.c.obj
                0x08002aa4                ADC_ConversionStop_Disable
 *fill*         0x08002afa        0x2 
 .text.HAL_ADC_Init
                0x08002afc      0x128 CMakeFiles/simple-flight.elf.dir/Drivers/STM32F1xx_HAL_Driver/Src/stm32f1xx_hal_adc.c.obj
                0x08002afc                HAL_ADC_Init
 .text.HAL_ADCEx_InjectedConvCpltCallback
                0x08002c24        0x2 CMakeFiles/simple-flight.elf.dir/Drivers/STM32F1xx_HAL_Driver/Src/stm32f1xx_hal_adc_ex.c.obj
                0x08002c24                HAL_ADCEx_InjectedConvCpltCallback
 *fill*         0x08002c26        0x2 
 .text.__NVIC_SetPriority
                0x08002c28       0x28 CMakeFiles/simple-flight.elf.dir/Drivers/STM32F1xx_HAL_Driver/Src/stm32f1xx_hal_cortex.c.obj
 .text.NVIC_EncodePriority
                0x08002c50       0x3e CMakeFiles/simple-flight.elf.dir/Drivers/STM32F1xx_HAL_Driver/Src/stm32f1xx_hal_cortex.c.obj
 *fill*         0x08002c8e        0x2 
 .text.HAL_NVIC_SetPriorityGrouping
                0x08002c90       0x24 CMakeFiles/simple-flight.elf.dir/Drivers/STM32F1xx_HAL_Driver/Src/stm32f1xx_hal_cortex.c.obj
                0x08002c90                HAL_NVIC_SetPriorityGrouping
 .text.HAL_NVIC_SetPriority
                0x08002cb4       0x20 CMakeFiles/simple-flight.elf.dir/Drivers/STM32F1xx_HAL_Driver/Src/stm32f1xx_hal_cortex.c.obj
                0x08002cb4                HAL_NVIC_SetPriority
 .text.HAL_NVIC_EnableIRQ
                0x08002cd4       0x1c CMakeFiles/simple-flight.elf.dir/Drivers/STM32F1xx_HAL_Driver/Src/stm32f1xx_hal_cortex.c.obj
                0x08002cd4                HAL_NVIC_EnableIRQ
 .text.HAL_SYSTICK_Config
                0x08002cf0       0x28 CMakeFiles/simple-flight.elf.dir/Drivers/STM32F1xx_HAL_Driver/Src/stm32f1xx_hal_cortex.c.obj
                0x08002cf0                HAL_SYSTICK_Config
 .text.DMA_SetConfig
                0x08002d18       0x2c CMakeFiles/simple-flight.elf.dir/Drivers/STM32F1xx_HAL_Driver/Src/stm32f1xx_hal_dma.c.obj
 .text.HAL_DMA_Init
                0x08002d44       0x98 CMakeFiles/simple-flight.elf.dir/Drivers/STM32F1xx_HAL_Driver/Src/stm32f1xx_hal_dma.c.obj
                0x08002d44                HAL_DMA_Init
 .text.HAL_DMA_Start_IT
                0x08002ddc       0x76 CMakeFiles/simple-flight.elf.dir/Drivers/STM32F1xx_HAL_Driver/Src/stm32f1xx_hal_dma.c.obj
                0x08002ddc                HAL_DMA_Start_IT
 .text.HAL_DMA_Abort
                0x08002e52       0x46 CMakeFiles/simple-flight.elf.dir/Drivers/STM32F1xx_HAL_Driver/Src/stm32f1xx_hal_dma.c.obj
                0x08002e52                HAL_DMA_Abort
 .text.HAL_DMA_Abort_IT
                0x08002e98      0x16c CMakeFiles/simple-flight.elf.dir/Drivers/STM32F1xx_HAL_Driver/Src/stm32f1xx_hal_dma.c.obj
                0x08002e98                HAL_DMA_Abort_IT
 .text.HAL_DMA_IRQHandler
                0x08003004      0x2ec CMakeFiles/simple-flight.elf.dir/Drivers/STM32F1xx_HAL_Driver/Src/stm32f1xx_hal_dma.c.obj
                0x08003004                HAL_DMA_IRQHandler
 .text.HAL_GPIO_Init
                0x080032f0      0x238 CMakeFiles/simple-flight.elf.dir/Drivers/STM32F1xx_HAL_Driver/Src/stm32f1xx_hal_gpio.c.obj
                0x080032f0                HAL_GPIO_Init
 .text.HAL_GPIO_ReadPin
                0x08003528        0xe CMakeFiles/simple-flight.elf.dir/Drivers/STM32F1xx_HAL_Driver/Src/stm32f1xx_hal_gpio.c.obj
                0x08003528                HAL_GPIO_ReadPin
 .text.HAL_GPIO_WritePin
                0x08003536        0xc CMakeFiles/simple-flight.elf.dir/Drivers/STM32F1xx_HAL_Driver/Src/stm32f1xx_hal_gpio.c.obj
                0x08003536                HAL_GPIO_WritePin
 *fill*         0x08003542        0x2 
 .text.RCC_Delay
                0x08003544       0x2c CMakeFiles/simple-flight.elf.dir/Drivers/STM32F1xx_HAL_Driver/Src/stm32f1xx_hal_rcc.c.obj
 .text.HAL_RCC_OscConfig
                0x08003570      0x410 CMakeFiles/simple-flight.elf.dir/Drivers/STM32F1xx_HAL_Driver/Src/stm32f1xx_hal_rcc.c.obj
                0x08003570                HAL_RCC_OscConfig
 .text.HAL_RCC_GetSysClockFreq
                0x08003980       0x54 CMakeFiles/simple-flight.elf.dir/Drivers/STM32F1xx_HAL_Driver/Src/stm32f1xx_hal_rcc.c.obj
                0x08003980                HAL_RCC_GetSysClockFreq
 .text.HAL_RCC_ClockConfig
                0x080039d4      0x16c CMakeFiles/simple-flight.elf.dir/Drivers/STM32F1xx_HAL_Driver/Src/stm32f1xx_hal_rcc.c.obj
                0x080039d4                HAL_RCC_ClockConfig
 .text.HAL_RCC_GetHCLKFreq
                0x08003b40        0xc CMakeFiles/simple-flight.elf.dir/Drivers/STM32F1xx_HAL_Driver/Src/stm32f1xx_hal_rcc.c.obj
                0x08003b40                HAL_RCC_GetHCLKFreq
 .text.HAL_RCC_GetPCLK1Freq
                0x08003b4c       0x20 CMakeFiles/simple-flight.elf.dir/Drivers/STM32F1xx_HAL_Driver/Src/stm32f1xx_hal_rcc.c.obj
                0x08003b4c                HAL_RCC_GetPCLK1Freq
 .text.HAL_RCC_GetPCLK2Freq
                0x08003b6c       0x20 CMakeFiles/simple-flight.elf.dir/Drivers/STM32F1xx_HAL_Driver/Src/stm32f1xx_hal_rcc.c.obj
                0x08003b6c                HAL_RCC_GetPCLK2Freq
 .text.HAL_RCCEx_PeriphCLKConfig
                0x08003b8c      0x118 CMakeFiles/simple-flight.elf.dir/Drivers/STM32F1xx_HAL_Driver/Src/stm32f1xx_hal_rcc_ex.c.obj
                0x08003b8c                HAL_RCCEx_PeriphCLKConfig
 .text.SPI_WaitFlagStateUntilTimeout
                0x08003ca4       0xc8 CMakeFiles/simple-flight.elf.dir/Drivers/STM32F1xx_HAL_Driver/Src/stm32f1xx_hal_spi.c.obj
 .text.SPI_EndRxTxTransaction
                0x08003d6c       0x24 CMakeFiles/simple-flight.elf.dir/Drivers/STM32F1xx_HAL_Driver/Src/stm32f1xx_hal_spi.c.obj
 .text.HAL_SPI_Init
                0x08003d90       0xb6 CMakeFiles/simple-flight.elf.dir/Drivers/STM32F1xx_HAL_Driver/Src/stm32f1xx_hal_spi.c.obj
                0x08003d90                HAL_SPI_Init
 .text.HAL_SPI_Transmit
                0x08003e46      0x1b8 CMakeFiles/simple-flight.elf.dir/Drivers/STM32F1xx_HAL_Driver/Src/stm32f1xx_hal_spi.c.obj
                0x08003e46                HAL_SPI_Transmit
 .text.TIM_TI1_ConfigInputStage
                0x08003ffe       0x24 CMakeFiles/simple-flight.elf.dir/Drivers/STM32F1xx_HAL_Driver/Src/stm32f1xx_hal_tim.c.obj
 .text.TIM_TI2_ConfigInputStage
                0x08004022       0x26 CMakeFiles/simple-flight.elf.dir/Drivers/STM32F1xx_HAL_Driver/Src/stm32f1xx_hal_tim.c.obj
 .text.TIM_ITRx_SetConfig
                0x08004048       0x10 CMakeFiles/simple-flight.elf.dir/Drivers/STM32F1xx_HAL_Driver/Src/stm32f1xx_hal_tim.c.obj
 .text.HAL_TIM_Base_Start_IT
                0x08004058       0x78 CMakeFiles/simple-flight.elf.dir/Drivers/STM32F1xx_HAL_Driver/Src/stm32f1xx_hal_tim.c.obj
                0x08004058                HAL_TIM_Base_Start_IT
 .text.HAL_TIM_OC_DelayElapsedCallback
                0x080040d0        0x2 CMakeFiles/simple-flight.elf.dir/Drivers/STM32F1xx_HAL_Driver/Src/stm32f1xx_hal_tim.c.obj
                0x080040d0                HAL_TIM_OC_DelayElapsedCallback
 .text.HAL_TIM_IC_CaptureCallback
                0x080040d2        0x2 CMakeFiles/simple-flight.elf.dir/Drivers/STM32F1xx_HAL_Driver/Src/stm32f1xx_hal_tim.c.obj
                0x080040d2                HAL_TIM_IC_CaptureCallback
 .text.HAL_TIM_PWM_PulseFinishedCallback
                0x080040d4        0x2 CMakeFiles/simple-flight.elf.dir/Drivers/STM32F1xx_HAL_Driver/Src/stm32f1xx_hal_tim.c.obj
                0x080040d4                HAL_TIM_PWM_PulseFinishedCallback
 .text.HAL_TIM_TriggerCallback
                0x080040d6        0x2 CMakeFiles/simple-flight.elf.dir/Drivers/STM32F1xx_HAL_Driver/Src/stm32f1xx_hal_tim.c.obj
                0x080040d6                HAL_TIM_TriggerCallback
 .text.HAL_TIM_IRQHandler
                0x080040d8      0x17a CMakeFiles/simple-flight.elf.dir/Drivers/STM32F1xx_HAL_Driver/Src/stm32f1xx_hal_tim.c.obj
                0x080040d8                HAL_TIM_IRQHandler
 *fill*         0x08004252        0x2 
 .text.TIM_Base_SetConfig
                0x08004254       0x98 CMakeFiles/simple-flight.elf.dir/Drivers/STM32F1xx_HAL_Driver/Src/stm32f1xx_hal_tim.c.obj
                0x08004254                TIM_Base_SetConfig
 .text.HAL_TIM_Base_Init
                0x080042ec       0x58 CMakeFiles/simple-flight.elf.dir/Drivers/STM32F1xx_HAL_Driver/Src/stm32f1xx_hal_tim.c.obj
                0x080042ec                HAL_TIM_Base_Init
 .text.TIM_ETR_SetConfig
                0x08004344       0x18 CMakeFiles/simple-flight.elf.dir/Drivers/STM32F1xx_HAL_Driver/Src/stm32f1xx_hal_tim.c.obj
                0x08004344                TIM_ETR_SetConfig
 .text.HAL_TIM_ConfigClockSource
                0x0800435c       0xfe CMakeFiles/simple-flight.elf.dir/Drivers/STM32F1xx_HAL_Driver/Src/stm32f1xx_hal_tim.c.obj
                0x0800435c                HAL_TIM_ConfigClockSource
 *fill*         0x0800445a        0x2 
 .text.HAL_TIMEx_MasterConfigSynchronization
                0x0800445c       0x7c CMakeFiles/simple-flight.elf.dir/Drivers/STM32F1xx_HAL_Driver/Src/stm32f1xx_hal_tim_ex.c.obj
                0x0800445c                HAL_TIMEx_MasterConfigSynchronization
 .text.HAL_TIMEx_CommutCallback
                0x080044d8        0x2 CMakeFiles/simple-flight.elf.dir/Drivers/STM32F1xx_HAL_Driver/Src/stm32f1xx_hal_tim_ex.c.obj
                0x080044d8                HAL_TIMEx_CommutCallback
 .text.HAL_TIMEx_BreakCallback
                0x080044da        0x2 CMakeFiles/simple-flight.elf.dir/Drivers/STM32F1xx_HAL_Driver/Src/stm32f1xx_hal_tim_ex.c.obj
                0x080044da                HAL_TIMEx_BreakCallback
 .text.UART_EndRxTransfer
                0x080044dc       0x5c CMakeFiles/simple-flight.elf.dir/Drivers/STM32F1xx_HAL_Driver/Src/stm32f1xx_hal_uart.c.obj
 .text.UART_Transmit_IT
                0x08004538       0x60 CMakeFiles/simple-flight.elf.dir/Drivers/STM32F1xx_HAL_Driver/Src/stm32f1xx_hal_uart.c.obj
 .text.UART_SetConfig
                0x08004598       0x94 CMakeFiles/simple-flight.elf.dir/Drivers/STM32F1xx_HAL_Driver/Src/stm32f1xx_hal_uart.c.obj
 .text.UART_WaitOnFlagUntilTimeout
                0x0800462c       0x84 CMakeFiles/simple-flight.elf.dir/Drivers/STM32F1xx_HAL_Driver/Src/stm32f1xx_hal_uart.c.obj
 .text.HAL_UART_Init
                0x080046b0       0x60 CMakeFiles/simple-flight.elf.dir/Drivers/STM32F1xx_HAL_Driver/Src/stm32f1xx_hal_uart.c.obj
                0x080046b0                HAL_UART_Init
 .text.HAL_UART_Transmit
                0x08004710       0xbe CMakeFiles/simple-flight.elf.dir/Drivers/STM32F1xx_HAL_Driver/Src/stm32f1xx_hal_uart.c.obj
                0x08004710                HAL_UART_Transmit
 .text.HAL_UART_TxCpltCallback
                0x080047ce        0x2 CMakeFiles/simple-flight.elf.dir/Drivers/STM32F1xx_HAL_Driver/Src/stm32f1xx_hal_uart.c.obj
                0x080047ce                HAL_UART_TxCpltCallback
 .text.UART_EndTransmit_IT
                0x080047d0       0x1a CMakeFiles/simple-flight.elf.dir/Drivers/STM32F1xx_HAL_Driver/Src/stm32f1xx_hal_uart.c.obj
 .text.HAL_UART_RxCpltCallback
                0x080047ea        0x2 CMakeFiles/simple-flight.elf.dir/Drivers/STM32F1xx_HAL_Driver/Src/stm32f1xx_hal_uart.c.obj
                0x080047ea                HAL_UART_RxCpltCallback
 .text.HAL_UART_ErrorCallback
                0x080047ec        0x2 CMakeFiles/simple-flight.elf.dir/Drivers/STM32F1xx_HAL_Driver/Src/stm32f1xx_hal_uart.c.obj
                0x080047ec                HAL_UART_ErrorCallback
 .text.UART_DMAAbortOnError
                0x080047ee       0x10 CMakeFiles/simple-flight.elf.dir/Drivers/STM32F1xx_HAL_Driver/Src/stm32f1xx_hal_uart.c.obj
 *fill*         0x080047fe        0x2 
 .text.HAL_UART_AbortReceive_IT
                0x08004800       0xbc CMakeFiles/simple-flight.elf.dir/Drivers/STM32F1xx_HAL_Driver/Src/stm32f1xx_hal_uart.c.obj
                0x08004800                HAL_UART_AbortReceive_IT
 .text.UART_DMARxOnlyAbortCallback
                0x080048bc       0x16 CMakeFiles/simple-flight.elf.dir/Drivers/STM32F1xx_HAL_Driver/Src/stm32f1xx_hal_uart.c.obj
 .text.HAL_UARTEx_RxEventCallback
                0x080048d2        0x2 CMakeFiles/simple-flight.elf.dir/Drivers/STM32F1xx_HAL_Driver/Src/stm32f1xx_hal_uart.c.obj
                0x080048d2                HAL_UARTEx_RxEventCallback
 .text.UART_Receive_IT
                0x080048d4       0xe6 CMakeFiles/simple-flight.elf.dir/Drivers/STM32F1xx_HAL_Driver/Src/stm32f1xx_hal_uart.c.obj
 *fill*         0x080049ba        0x2 
 .text.HAL_UART_IRQHandler
                0x080049bc      0x284 CMakeFiles/simple-flight.elf.dir/Drivers/STM32F1xx_HAL_Driver/Src/stm32f1xx_hal_uart.c.obj
                0x080049bc                HAL_UART_IRQHandler
 .text.UART_Start_Receive_IT
                0x08004c40       0x36 CMakeFiles/simple-flight.elf.dir/Drivers/STM32F1xx_HAL_Driver/Src/stm32f1xx_hal_uart.c.obj
                0x08004c40                UART_Start_Receive_IT
 .text.HAL_UART_Receive_IT
                0x08004c76       0x26 CMakeFiles/simple-flight.elf.dir/Drivers/STM32F1xx_HAL_Driver/Src/stm32f1xx_hal_uart.c.obj
                0x08004c76                HAL_UART_Receive_IT
 .text.button_handler
                0x08004c9c      0x22e CMakeFiles/simple-flight.elf.dir/Middleware/multi_button.c.obj
 .text.button_init
                0x08004eca       0x36 CMakeFiles/simple-flight.elf.dir/Middleware/multi_button.c.obj
                0x08004eca                button_init
 .text.button_attach
                0x08004f00        0xa CMakeFiles/simple-flight.elf.dir/Middleware/multi_button.c.obj
                0x08004f00                button_attach
 *fill*         0x08004f0a        0x2 
 .text.button_start
                0x08004f0c       0x24 CMakeFiles/simple-flight.elf.dir/Middleware/multi_button.c.obj
                0x08004f0c                button_start
 .text.button_ticks
                0x08004f30       0x1c CMakeFiles/simple-flight.elf.dir/Middleware/multi_button.c.obj
                0x08004f30                button_ticks
 .text.stdio_exit_handler
                0x08004f4c       0x18 c:/arm-gnu-toolchain/bin/../lib/gcc/arm-none-eabi/12.3.1/thumb/v7-m/nofp\libg.a(libc_a-findfp.o)
 .text.cleanup_stdio
                0x08004f64       0x40 c:/arm-gnu-toolchain/bin/../lib/gcc/arm-none-eabi/12.3.1/thumb/v7-m/nofp\libg.a(libc_a-findfp.o)
 .text.global_stdio_init.part.0
                0x08004fa4       0xf0 c:/arm-gnu-toolchain/bin/../lib/gcc/arm-none-eabi/12.3.1/thumb/v7-m/nofp\libg.a(libc_a-findfp.o)
 .text.__sinit  0x08005094       0x3c c:/arm-gnu-toolchain/bin/../lib/gcc/arm-none-eabi/12.3.1/thumb/v7-m/nofp\libg.a(libc_a-findfp.o)
                0x08005094                __sinit
 .text.__sfp_lock_acquire
                0x080050d0        0xc c:/arm-gnu-toolchain/bin/../lib/gcc/arm-none-eabi/12.3.1/thumb/v7-m/nofp\libg.a(libc_a-findfp.o)
                0x080050d0                __sfp_lock_acquire
 .text.__sfp_lock_release
                0x080050dc        0xc c:/arm-gnu-toolchain/bin/../lib/gcc/arm-none-eabi/12.3.1/thumb/v7-m/nofp\libg.a(libc_a-findfp.o)
                0x080050dc                __sfp_lock_release
 .text._fwalk_sglue
                0x080050e8       0x44 c:/arm-gnu-toolchain/bin/../lib/gcc/arm-none-eabi/12.3.1/thumb/v7-m/nofp\libg.a(libc_a-fwalk.o)
                0x080050e8                _fwalk_sglue
 .text.__sread  0x0800512c       0x24 c:/arm-gnu-toolchain/bin/../lib/gcc/arm-none-eabi/12.3.1/thumb/v7-m/nofp\libg.a(libc_a-stdio.o)
                0x0800512c                __sread
 .text.__swrite
                0x08005150       0x40 c:/arm-gnu-toolchain/bin/../lib/gcc/arm-none-eabi/12.3.1/thumb/v7-m/nofp\libg.a(libc_a-stdio.o)
                0x08005150                __swrite
 .text.__sseek  0x08005190       0x24 c:/arm-gnu-toolchain/bin/../lib/gcc/arm-none-eabi/12.3.1/thumb/v7-m/nofp\libg.a(libc_a-stdio.o)
                0x08005190                __sseek
 .text.__sclose
                0x080051b4        0x8 c:/arm-gnu-toolchain/bin/../lib/gcc/arm-none-eabi/12.3.1/thumb/v7-m/nofp\libg.a(libc_a-stdio.o)
                0x080051b4                __sclose
 .text.vsprintf
                0x080051bc       0x38 c:/arm-gnu-toolchain/bin/../lib/gcc/arm-none-eabi/12.3.1/thumb/v7-m/nofp\libg.a(libc_a-vsprintf.o)
                0x080051bc                vsprintf
 .text.memset   0x080051f4       0xa0 c:/arm-gnu-toolchain/bin/../lib/gcc/arm-none-eabi/12.3.1/thumb/v7-m/nofp\libg.a(libc_a-memset.o)
                0x080051f4                memset
 .text._close_r
                0x08005294       0x24 c:/arm-gnu-toolchain/bin/../lib/gcc/arm-none-eabi/12.3.1/thumb/v7-m/nofp\libg.a(libc_a-closer.o)
                0x08005294                _close_r
 .text._lseek_r
                0x080052b8       0x2c c:/arm-gnu-toolchain/bin/../lib/gcc/arm-none-eabi/12.3.1/thumb/v7-m/nofp\libg.a(libc_a-lseekr.o)
                0x080052b8                _lseek_r
 .text._read_r  0x080052e4       0x2c c:/arm-gnu-toolchain/bin/../lib/gcc/arm-none-eabi/12.3.1/thumb/v7-m/nofp\libg.a(libc_a-readr.o)
                0x080052e4                _read_r
 .text._write_r
                0x08005310       0x2c c:/arm-gnu-toolchain/bin/../lib/gcc/arm-none-eabi/12.3.1/thumb/v7-m/nofp\libg.a(libc_a-writer.o)
                0x08005310                _write_r
 .text.__errno  0x0800533c        0xc c:/arm-gnu-toolchain/bin/../lib/gcc/arm-none-eabi/12.3.1/thumb/v7-m/nofp\libg.a(libc_a-errno.o)
                0x0800533c                __errno
 .text.__libc_init_array
                0x08005348       0x50 c:/arm-gnu-toolchain/bin/../lib/gcc/arm-none-eabi/12.3.1/thumb/v7-m/nofp\libg.a(libc_a-init.o)
                0x08005348                __libc_init_array
 .text.__retarget_lock_init_recursive
                0x08005398        0x4 c:/arm-gnu-toolchain/bin/../lib/gcc/arm-none-eabi/12.3.1/thumb/v7-m/nofp\libg.a(libc_a-lock.o)
                0x08005398                __retarget_lock_init_recursive
 .text.__retarget_lock_close_recursive
                0x0800539c        0x4 c:/arm-gnu-toolchain/bin/../lib/gcc/arm-none-eabi/12.3.1/thumb/v7-m/nofp\libg.a(libc_a-lock.o)
                0x0800539c                __retarget_lock_close_recursive
 .text.__retarget_lock_acquire_recursive
                0x080053a0        0x4 c:/arm-gnu-toolchain/bin/../lib/gcc/arm-none-eabi/12.3.1/thumb/v7-m/nofp\libg.a(libc_a-lock.o)
                0x080053a0                __retarget_lock_acquire_recursive
 .text.__retarget_lock_release_recursive
                0x080053a4        0x4 c:/arm-gnu-toolchain/bin/../lib/gcc/arm-none-eabi/12.3.1/thumb/v7-m/nofp\libg.a(libc_a-lock.o)
                0x080053a4                __retarget_lock_release_recursive
 .text.strlen   0x080053a8       0x5c c:/arm-gnu-toolchain/bin/../lib/gcc/arm-none-eabi/12.3.1/thumb/v7-m/nofp\libg.a(libc_a-strlen-stub.o)
                0x080053a8                strlen
 .text.startup.register_fini
                0x08005404       0x14 c:/arm-gnu-toolchain/bin/../lib/gcc/arm-none-eabi/12.3.1/thumb/v7-m/nofp\libg.a(libc_a-__call_atexit.o)
 .text.atexit   0x08005418        0xc c:/arm-gnu-toolchain/bin/../lib/gcc/arm-none-eabi/12.3.1/thumb/v7-m/nofp\libg.a(libc_a-atexit.o)
                0x08005418                atexit
 .text._malloc_trim_r
                0x08005424       0xb8 c:/arm-gnu-toolchain/bin/../lib/gcc/arm-none-eabi/12.3.1/thumb/v7-m/nofp\libg.a(libc_a-freer.o)
                0x08005424                _malloc_trim_r
 .text._free_r  0x080054dc      0x1fc c:/arm-gnu-toolchain/bin/../lib/gcc/arm-none-eabi/12.3.1/thumb/v7-m/nofp\libg.a(libc_a-freer.o)
                0x080054dc                _free_r
 .text._malloc_r
                0x080056d8      0x570 c:/arm-gnu-toolchain/bin/../lib/gcc/arm-none-eabi/12.3.1/thumb/v7-m/nofp\libg.a(libc_a-mallocr.o)
                0x080056d8                _malloc_r
 .text.__malloc_lock
                0x08005c48        0xc c:/arm-gnu-toolchain/bin/../lib/gcc/arm-none-eabi/12.3.1/thumb/v7-m/nofp\libg.a(libc_a-mlock.o)
                0x08005c48                __malloc_lock
 .text.__malloc_unlock
                0x08005c54        0xc c:/arm-gnu-toolchain/bin/../lib/gcc/arm-none-eabi/12.3.1/thumb/v7-m/nofp\libg.a(libc_a-mlock.o)
                0x08005c54                __malloc_unlock
 .text._svfprintf_r
                0x08005c60     0x1bb8 c:/arm-gnu-toolchain/bin/../lib/gcc/arm-none-eabi/12.3.1/thumb/v7-m/nofp\libg.a(libc_a-svfprintf.o)
                0x08005c60                _svfprintf_r
 .text._fclose_r
                0x08007818       0xc0 c:/arm-gnu-toolchain/bin/../lib/gcc/arm-none-eabi/12.3.1/thumb/v7-m/nofp\libg.a(libc_a-fclose.o)
                0x08007818                _fclose_r
 .text.__sflush_r
                0x080078d8      0x128 c:/arm-gnu-toolchain/bin/../lib/gcc/arm-none-eabi/12.3.1/thumb/v7-m/nofp\libg.a(libc_a-fflush.o)
                0x080078d8                __sflush_r
 .text._fflush_r
                0x08007a00       0x54 c:/arm-gnu-toolchain/bin/../lib/gcc/arm-none-eabi/12.3.1/thumb/v7-m/nofp\libg.a(libc_a-fflush.o)
                0x08007a00                _fflush_r
 .text.strncpy  0x08007a54       0x6c c:/arm-gnu-toolchain/bin/../lib/gcc/arm-none-eabi/12.3.1/thumb/v7-m/nofp\libg.a(libc_a-strncpy.o)
                0x08007a54                strncpy
 .text.__locale_mb_cur_max
                0x08007ac0        0xc c:/arm-gnu-toolchain/bin/../lib/gcc/arm-none-eabi/12.3.1/thumb/v7-m/nofp\libg.a(libc_a-locale.o)
                0x08007ac0                __locale_mb_cur_max
 .text._localeconv_r
                0x08007acc        0x8 c:/arm-gnu-toolchain/bin/../lib/gcc/arm-none-eabi/12.3.1/thumb/v7-m/nofp\libg.a(libc_a-localeconv.o)
                0x08007acc                _localeconv_r
 .text._sbrk_r  0x08007ad4       0x24 c:/arm-gnu-toolchain/bin/../lib/gcc/arm-none-eabi/12.3.1/thumb/v7-m/nofp\libg.a(libc_a-sbrkr.o)
                0x08007ad4                _sbrk_r
 .text.__libc_fini_array
                0x08007af8       0x28 c:/arm-gnu-toolchain/bin/../lib/gcc/arm-none-eabi/12.3.1/thumb/v7-m/nofp\libg.a(libc_a-fini.o)
                0x08007af8                __libc_fini_array
 .text.sysconf  0x08007b20       0x1c c:/arm-gnu-toolchain/bin/../lib/gcc/arm-none-eabi/12.3.1/thumb/v7-m/nofp\libg.a(libc_a-sysconf.o)
                0x08007b20                sysconf
 .text.memchr   0x08007b3c       0x98 c:/arm-gnu-toolchain/bin/../lib/gcc/arm-none-eabi/12.3.1/thumb/v7-m/nofp\libg.a(libc_a-memchr-stub.o)
                0x08007b3c                memchr
 .text.frexp    0x08007bd4       0x70 c:/arm-gnu-toolchain/bin/../lib/gcc/arm-none-eabi/12.3.1/thumb/v7-m/nofp\libg.a(libm_a-s_frexp.o)
                0x08007bd4                frexp
 .text.__register_exitproc
                0x08007c44       0x80 c:/arm-gnu-toolchain/bin/../lib/gcc/arm-none-eabi/12.3.1/thumb/v7-m/nofp\libg.a(libc_a-__atexit.o)
                0x08007c44                __register_exitproc
 .text.quorem   0x08007cc4      0x13c c:/arm-gnu-toolchain/bin/../lib/gcc/arm-none-eabi/12.3.1/thumb/v7-m/nofp\libg.a(libc_a-dtoa.o)
 .text._dtoa_r  0x08007e00      0xe54 c:/arm-gnu-toolchain/bin/../lib/gcc/arm-none-eabi/12.3.1/thumb/v7-m/nofp\libg.a(libc_a-dtoa.o)
                0x08007e00                _dtoa_r
 .text.__ascii_mbtowc
                0x08008c54       0x2c c:/arm-gnu-toolchain/bin/../lib/gcc/arm-none-eabi/12.3.1/thumb/v7-m/nofp\libg.a(libc_a-mbtowc_r.o)
                0x08008c54                __ascii_mbtowc
 .text._Balloc  0x08008c80       0x4c c:/arm-gnu-toolchain/bin/../lib/gcc/arm-none-eabi/12.3.1/thumb/v7-m/nofp\libg.a(libc_a-mprec.o)
                0x08008c80                _Balloc
 .text._Bfree   0x08008ccc       0x14 c:/arm-gnu-toolchain/bin/../lib/gcc/arm-none-eabi/12.3.1/thumb/v7-m/nofp\libg.a(libc_a-mprec.o)
                0x08008ccc                _Bfree
 .text.__multadd
                0x08008ce0       0xa4 c:/arm-gnu-toolchain/bin/../lib/gcc/arm-none-eabi/12.3.1/thumb/v7-m/nofp\libg.a(libc_a-mprec.o)
                0x08008ce0                __multadd
 .text.__hi0bits
                0x08008d84       0x44 c:/arm-gnu-toolchain/bin/../lib/gcc/arm-none-eabi/12.3.1/thumb/v7-m/nofp\libg.a(libc_a-mprec.o)
                0x08008d84                __hi0bits
 .text.__lo0bits
                0x08008dc8       0x5c c:/arm-gnu-toolchain/bin/../lib/gcc/arm-none-eabi/12.3.1/thumb/v7-m/nofp\libg.a(libc_a-mprec.o)
                0x08008dc8                __lo0bits
 .text.__i2b    0x08008e24       0x5c c:/arm-gnu-toolchain/bin/../lib/gcc/arm-none-eabi/12.3.1/thumb/v7-m/nofp\libg.a(libc_a-mprec.o)
                0x08008e24                __i2b
 .text.__multiply
                0x08008e80      0x164 c:/arm-gnu-toolchain/bin/../lib/gcc/arm-none-eabi/12.3.1/thumb/v7-m/nofp\libg.a(libc_a-mprec.o)
                0x08008e80                __multiply
 .text.__pow5mult
                0x08008fe4       0xb4 c:/arm-gnu-toolchain/bin/../lib/gcc/arm-none-eabi/12.3.1/thumb/v7-m/nofp\libg.a(libc_a-mprec.o)
                0x08008fe4                __pow5mult
 .text.__lshift
                0x08009098       0xec c:/arm-gnu-toolchain/bin/../lib/gcc/arm-none-eabi/12.3.1/thumb/v7-m/nofp\libg.a(libc_a-mprec.o)
                0x08009098                __lshift
 .text.__mcmp   0x08009184       0x40 c:/arm-gnu-toolchain/bin/../lib/gcc/arm-none-eabi/12.3.1/thumb/v7-m/nofp\libg.a(libc_a-mprec.o)
                0x08009184                __mcmp
 .text.__mdiff  0x080091c4      0x160 c:/arm-gnu-toolchain/bin/../lib/gcc/arm-none-eabi/12.3.1/thumb/v7-m/nofp\libg.a(libc_a-mprec.o)
                0x080091c4                __mdiff
 .text.__d2b    0x08009324       0xbc c:/arm-gnu-toolchain/bin/../lib/gcc/arm-none-eabi/12.3.1/thumb/v7-m/nofp\libg.a(libc_a-mprec.o)
                0x08009324                __d2b
 .text.__ascii_wctomb
                0x080093e0       0x1c c:/arm-gnu-toolchain/bin/../lib/gcc/arm-none-eabi/12.3.1/thumb/v7-m/nofp\libg.a(libc_a-wctomb_r.o)
                0x080093e0                __ascii_wctomb
 .text._wcrtomb_r
                0x080093fc       0x4c c:/arm-gnu-toolchain/bin/../lib/gcc/arm-none-eabi/12.3.1/thumb/v7-m/nofp\libg.a(libc_a-wcrtomb.o)
                0x080093fc                _wcrtomb_r
 .text._wcsrtombs_r
                0x08009448       0x18 c:/arm-gnu-toolchain/bin/../lib/gcc/arm-none-eabi/12.3.1/thumb/v7-m/nofp\libg.a(libc_a-wcsrtombs.o)
                0x08009448                _wcsrtombs_r
 .text.__ssprint_r
                0x08009460      0x110 c:/arm-gnu-toolchain/bin/../lib/gcc/arm-none-eabi/12.3.1/thumb/v7-m/nofp\libg.a(libc_a-svfiprintf.o)
                0x08009460                __ssprint_r
 .text.memmove  0x08009570       0xfc c:/arm-gnu-toolchain/bin/../lib/gcc/arm-none-eabi/12.3.1/thumb/v7-m/nofp\libg.a(libc_a-memmove.o)
                0x08009570                memmove
 .text.__assert_func
                0x0800966c       0x40 c:/arm-gnu-toolchain/bin/../lib/gcc/arm-none-eabi/12.3.1/thumb/v7-m/nofp\libg.a(libc_a-assert.o)
                0x0800966c                __assert_func
 .text._calloc_r
                0x080096ac       0x6c c:/arm-gnu-toolchain/bin/../lib/gcc/arm-none-eabi/12.3.1/thumb/v7-m/nofp\libg.a(libc_a-callocr.o)
                0x080096ac                _calloc_r
 .text._realloc_r
                0x08009718      0x34c c:/arm-gnu-toolchain/bin/../lib/gcc/arm-none-eabi/12.3.1/thumb/v7-m/nofp\libg.a(libc_a-reallocr.o)
                0x08009718                _realloc_r
 .text._wcsnrtombs_l
                0x08009a64       0xec c:/arm-gnu-toolchain/bin/../lib/gcc/arm-none-eabi/12.3.1/thumb/v7-m/nofp\libg.a(libc_a-wcsnrtombs.o)
                0x08009a64                _wcsnrtombs_l
 .text._wcsnrtombs_r
                0x08009b50       0x24 c:/arm-gnu-toolchain/bin/../lib/gcc/arm-none-eabi/12.3.1/thumb/v7-m/nofp\libg.a(libc_a-wcsnrtombs.o)
                0x08009b50                _wcsnrtombs_r
 .text.fiprintf
                0x08009b74       0x28 c:/arm-gnu-toolchain/bin/../lib/gcc/arm-none-eabi/12.3.1/thumb/v7-m/nofp\libg.a(libc_a-fiprintf.o)
                0x08009b74                fiprintf
 .text.__sprint_r.part.0
                0x08009b9c       0x78 c:/arm-gnu-toolchain/bin/../lib/gcc/arm-none-eabi/12.3.1/thumb/v7-m/nofp\libg.a(libc_a-vfiprintf.o)
 .text._vfiprintf_r
                0x08009c14      0xf9c c:/arm-gnu-toolchain/bin/../lib/gcc/arm-none-eabi/12.3.1/thumb/v7-m/nofp\libg.a(libc_a-vfiprintf.o)
                0x08009c14                _vfiprintf_r
 .text.__sbprintf
                0x0800abb0       0x80 c:/arm-gnu-toolchain/bin/../lib/gcc/arm-none-eabi/12.3.1/thumb/v7-m/nofp\libg.a(libc_a-vfiprintf.o)
 .text.__sfvwrite_r
                0x0800ac30      0x2ec c:/arm-gnu-toolchain/bin/../lib/gcc/arm-none-eabi/12.3.1/thumb/v7-m/nofp\libg.a(libc_a-fvwrite.o)
                0x0800ac30                __sfvwrite_r
 .text.__swsetup_r
                0x0800af1c       0xc0 c:/arm-gnu-toolchain/bin/../lib/gcc/arm-none-eabi/12.3.1/thumb/v7-m/nofp\libg.a(libc_a-wsetup.o)
                0x0800af1c                __swsetup_r
 .text.__fputwc
                0x0800afdc       0x7c c:/arm-gnu-toolchain/bin/../lib/gcc/arm-none-eabi/12.3.1/thumb/v7-m/nofp\libg.a(libc_a-fputwc.o)
                0x0800afdc                __fputwc
 .text._fputwc_r
                0x0800b058       0x60 c:/arm-gnu-toolchain/bin/../lib/gcc/arm-none-eabi/12.3.1/thumb/v7-m/nofp\libg.a(libc_a-fputwc.o)
                0x0800b058                _fputwc_r
 .text.abort    0x0800b0b8       0x10 c:/arm-gnu-toolchain/bin/../lib/gcc/arm-none-eabi/12.3.1/thumb/v7-m/nofp\libg.a(libc_a-abort.o)
                0x0800b0b8                abort
 .text.__smakebuf_r
                0x0800b0c8       0xdc c:/arm-gnu-toolchain/bin/../lib/gcc/arm-none-eabi/12.3.1/thumb/v7-m/nofp\libg.a(libc_a-makebuf.o)
                0x0800b0c8                __smakebuf_r
 .text.__swbuf_r
                0x0800b1a4       0xac c:/arm-gnu-toolchain/bin/../lib/gcc/arm-none-eabi/12.3.1/thumb/v7-m/nofp\libg.a(libc_a-wbuf.o)
                0x0800b1a4                __swbuf_r
 .text.raise    0x0800b250       0x58 c:/arm-gnu-toolchain/bin/../lib/gcc/arm-none-eabi/12.3.1/thumb/v7-m/nofp\libg.a(libc_a-signal.o)
                0x0800b250                raise
 .text._fstat_r
                0x0800b2a8       0x28 c:/arm-gnu-toolchain/bin/../lib/gcc/arm-none-eabi/12.3.1/thumb/v7-m/nofp\libg.a(libc_a-fstatr.o)
                0x0800b2a8                _fstat_r
 .text._isatty_r
                0x0800b2d0       0x24 c:/arm-gnu-toolchain/bin/../lib/gcc/arm-none-eabi/12.3.1/thumb/v7-m/nofp\libg.a(libc_a-isattyr.o)
                0x0800b2d0                _isatty_r
 .text._kill_r  0x0800b2f4       0x28 c:/arm-gnu-toolchain/bin/../lib/gcc/arm-none-eabi/12.3.1/thumb/v7-m/nofp\libg.a(libc_a-signalr.o)
                0x0800b2f4                _kill_r
 .text._getpid_r
                0x0800b31c        0x4 c:/arm-gnu-toolchain/bin/../lib/gcc/arm-none-eabi/12.3.1/thumb/v7-m/nofp\libg.a(libc_a-signalr.o)
                0x0800b31c                _getpid_r
 *(.glue_7)
 .glue_7        0x0800b320        0x0 linker stubs
 *(.glue_7t)
 .glue_7t       0x0800b320        0x0 linker stubs
 *(.eh_frame)
 .eh_frame      0x0800b320        0x0 c:/arm-gnu-toolchain/bin/../lib/gcc/arm-none-eabi/12.3.1/thumb/v7-m/nofp/crtbegin.o
 *(.init)
 .init          0x0800b320        0x4 c:/arm-gnu-toolchain/bin/../lib/gcc/arm-none-eabi/12.3.1/thumb/v7-m/nofp/crti.o
                0x0800b320                _init
 .init          0x0800b324        0x8 c:/arm-gnu-toolchain/bin/../lib/gcc/arm-none-eabi/12.3.1/thumb/v7-m/nofp/crtn.o
 *(.fini)
 .fini          0x0800b32c        0x4 c:/arm-gnu-toolchain/bin/../lib/gcc/arm-none-eabi/12.3.1/thumb/v7-m/nofp/crti.o
                0x0800b32c                _fini
 .fini          0x0800b330        0x8 c:/arm-gnu-toolchain/bin/../lib/gcc/arm-none-eabi/12.3.1/thumb/v7-m/nofp/crtn.o
                0x0800b338                        . = ALIGN (0x4)
                0x0800b338                        _etext = .

.vfp11_veneer   0x0800b338        0x0
 .vfp11_veneer  0x0800b338        0x0 linker stubs

.v4_bx          0x0800b338        0x0
 .v4_bx         0x0800b338        0x0 linker stubs

.iplt           0x0800b338        0x0
 .iplt          0x0800b338        0x0 c:/arm-gnu-toolchain/bin/../lib/gcc/arm-none-eabi/12.3.1/thumb/v7-m/nofp/crtbegin.o

.rodata         0x0800b338      0x47c
                0x0800b338                        . = ALIGN (0x4)
 *(.rodata)
 *(.rodata*)
 .rodata.BTN_X_PRESS_DOWN_Handler.str1.4
                0x0800b338        0x4 CMakeFiles/simple-flight.elf.dir/Core/Src/btn.c.obj
 .rodata.BTN_Y_PRESS_DOWN_Handler.str1.4
                0x0800b33c        0x4 CMakeFiles/simple-flight.elf.dir/Core/Src/btn.c.obj
 .rodata.BTN_A_PRESS_DOWN_Handler.str1.4
                0x0800b340        0x4 CMakeFiles/simple-flight.elf.dir/Core/Src/btn.c.obj
 .rodata.BTN_B_PRESS_DOWN_Handler.str1.4
                0x0800b344        0x4 CMakeFiles/simple-flight.elf.dir/Core/Src/btn.c.obj
 .rodata.BTN_UP_PRESS_DOWN_Handler.str1.4
                0x0800b348        0x5 CMakeFiles/simple-flight.elf.dir/Core/Src/btn.c.obj
 *fill*         0x0800b34d        0x3 
 .rodata.BTN_DOWN_PRESS_DOWN_Handler.str1.4
                0x0800b350        0x7 CMakeFiles/simple-flight.elf.dir/Core/Src/btn.c.obj
 *fill*         0x0800b357        0x1 
 .rodata.BTN_LEFT_PRESS_DOWN_Handler.str1.4
                0x0800b358        0x7 CMakeFiles/simple-flight.elf.dir/Core/Src/btn.c.obj
 *fill*         0x0800b35f        0x1 
 .rodata.BTN_RIGHT_PRESS_DOWN_Handler.str1.4
                0x0800b360        0x8 CMakeFiles/simple-flight.elf.dir/Core/Src/btn.c.obj
 .rodata.BTN_L1_PRESS_DOWN_Handler.str1.4
                0x0800b368        0x5 CMakeFiles/simple-flight.elf.dir/Core/Src/btn.c.obj
 *fill*         0x0800b36d        0x3 
 .rodata.BTN_L2_PRESS_DOWN_Handler.str1.4
                0x0800b370        0x5 CMakeFiles/simple-flight.elf.dir/Core/Src/btn.c.obj
 *fill*         0x0800b375        0x3 
 .rodata.BTN_MENU_PRESS_DOWN_Handler.str1.4
                0x0800b378        0x7 CMakeFiles/simple-flight.elf.dir/Core/Src/btn.c.obj
 *fill*         0x0800b37f        0x1 
 .rodata.BTN_BACK_PRESS_DOWN_Handler.str1.4
                0x0800b380        0x7 CMakeFiles/simple-flight.elf.dir/Core/Src/btn.c.obj
 *fill*         0x0800b387        0x1 
 .rodata.BTN_X_PRESS_DOUBLE_Handler.str1.4
                0x0800b388       0x11 CMakeFiles/simple-flight.elf.dir/Core/Src/btn.c.obj
 *fill*         0x0800b399        0x3 
 .rodata.APBPrescTable
                0x0800b39c        0x8 CMakeFiles/simple-flight.elf.dir/Core/Src/system_stm32f1xx.c.obj
                0x0800b39c                APBPrescTable
 .rodata.AHBPrescTable
                0x0800b3a4       0x10 CMakeFiles/simple-flight.elf.dir/Core/Src/system_stm32f1xx.c.obj
                0x0800b3a4                AHBPrescTable
 .rodata.aPredivFactorTable.0
                0x0800b3b4        0x2 CMakeFiles/simple-flight.elf.dir/Drivers/STM32F1xx_HAL_Driver/Src/stm32f1xx_hal_rcc.c.obj
 *fill*         0x0800b3b6        0x2 
 .rodata.aPLLMULFactorTable.1
                0x0800b3b8       0x10 CMakeFiles/simple-flight.elf.dir/Drivers/STM32F1xx_HAL_Driver/Src/stm32f1xx_hal_rcc.c.obj
 .rodata._svfprintf_r.str1.4
                0x0800b3c8       0x42 c:/arm-gnu-toolchain/bin/../lib/gcc/arm-none-eabi/12.3.1/thumb/v7-m/nofp\libg.a(libc_a-svfprintf.o)
 *fill*         0x0800b40a        0x2 
 .rodata.zeroes.0
                0x0800b40c       0x10 c:/arm-gnu-toolchain/bin/../lib/gcc/arm-none-eabi/12.3.1/thumb/v7-m/nofp\libg.a(libc_a-svfprintf.o)
 .rodata.blanks.1
                0x0800b41c       0x10 c:/arm-gnu-toolchain/bin/../lib/gcc/arm-none-eabi/12.3.1/thumb/v7-m/nofp\libg.a(libc_a-svfprintf.o)
 .rodata.str1.4
                0x0800b42c       0x48 c:/arm-gnu-toolchain/bin/../lib/gcc/arm-none-eabi/12.3.1/thumb/v7-m/nofp\libg.a(libc_a-locale.o)
                                 0x4c (size before relaxing)
 .rodata._dtoa_r.str1.4
                0x0800b474       0x7d c:/arm-gnu-toolchain/bin/../lib/gcc/arm-none-eabi/12.3.1/thumb/v7-m/nofp\libg.a(libc_a-dtoa.o)
                                 0x81 (size before relaxing)
 *fill*         0x0800b4f1        0x3 
 .rodata.__multadd.str1.4
                0x0800b4f4       0x5a c:/arm-gnu-toolchain/bin/../lib/gcc/arm-none-eabi/12.3.1/thumb/v7-m/nofp\libg.a(libc_a-mprec.o)
                                 0x6e (size before relaxing)
 *fill*         0x0800b54e        0x2 
 .rodata.p05.0  0x0800b550        0xc c:/arm-gnu-toolchain/bin/../lib/gcc/arm-none-eabi/12.3.1/thumb/v7-m/nofp\libg.a(libc_a-mprec.o)
 *fill*         0x0800b55c        0x4 
 .rodata.__mprec_bigtens
                0x0800b560       0x28 c:/arm-gnu-toolchain/bin/../lib/gcc/arm-none-eabi/12.3.1/thumb/v7-m/nofp\libg.a(libc_a-mprec.o)
                0x0800b560                __mprec_bigtens
 .rodata.__mprec_tens
                0x0800b588       0xc8 c:/arm-gnu-toolchain/bin/../lib/gcc/arm-none-eabi/12.3.1/thumb/v7-m/nofp\libg.a(libc_a-mprec.o)
                0x0800b588                __mprec_tens
 .rodata._ctype_
                0x0800b650      0x101 c:/arm-gnu-toolchain/bin/../lib/gcc/arm-none-eabi/12.3.1/thumb/v7-m/nofp\libg.a(libc_a-ctype_.o)
                0x0800b650                _ctype_
 *fill*         0x0800b751        0x3 
 .rodata.__assert_func.str1.4
                0x0800b754       0x3f c:/arm-gnu-toolchain/bin/../lib/gcc/arm-none-eabi/12.3.1/thumb/v7-m/nofp\libg.a(libc_a-assert.o)
                                 0x43 (size before relaxing)
 .rodata._vfiprintf_r.str1.4
                0x0800b793       0x2f c:/arm-gnu-toolchain/bin/../lib/gcc/arm-none-eabi/12.3.1/thumb/v7-m/nofp\libg.a(libc_a-vfiprintf.o)
 *fill*         0x0800b793        0x1 
 .rodata.zeroes.0
                0x0800b794       0x10 c:/arm-gnu-toolchain/bin/../lib/gcc/arm-none-eabi/12.3.1/thumb/v7-m/nofp\libg.a(libc_a-vfiprintf.o)
 .rodata.blanks.1
                0x0800b7a4       0x10 c:/arm-gnu-toolchain/bin/../lib/gcc/arm-none-eabi/12.3.1/thumb/v7-m/nofp\libg.a(libc_a-vfiprintf.o)
                0x0800b7b4                        . = ALIGN (0x4)

.ARM.extab      0x0800b7b4        0x0
                0x0800b7b4                        . = ALIGN (0x4)
 *(.ARM.extab* .gnu.linkonce.armextab.*)
                0x0800b7b4                        . = ALIGN (0x4)

.ARM            0x0800b7b4        0x8
                0x0800b7b4                        . = ALIGN (0x4)
                0x0800b7b4                        __exidx_start = .
 *(.ARM.exidx*)
 .ARM.exidx     0x0800b7b4        0x8 c:/arm-gnu-toolchain/bin/../lib/gcc/arm-none-eabi/12.3.1/thumb/v7-m/nofp\libg.a(libc_a-memcpy.o)
                0x0800b7bc                        __exidx_end = .
                0x0800b7bc                        . = ALIGN (0x4)

.rel.dyn        0x0800b7bc        0x0
 .rel.iplt      0x0800b7bc        0x0 c:/arm-gnu-toolchain/bin/../lib/gcc/arm-none-eabi/12.3.1/thumb/v7-m/nofp/crtbegin.o

.preinit_array  0x0800b7bc        0x0
                0x0800b7bc                        . = ALIGN (0x4)
                0x0800b7bc                        PROVIDE (__preinit_array_start = .)
 *(.preinit_array*)
                0x0800b7bc                        PROVIDE (__preinit_array_end = .)
                0x0800b7bc                        . = ALIGN (0x4)

.init_array     0x0800b7bc        0x8
                0x0800b7bc                        . = ALIGN (0x4)
                0x0800b7bc                        PROVIDE (__init_array_start = .)
 *(SORT_BY_NAME(.init_array.*))
 .init_array.00000
                0x0800b7bc        0x4 c:/arm-gnu-toolchain/bin/../lib/gcc/arm-none-eabi/12.3.1/thumb/v7-m/nofp\libg.a(libc_a-__call_atexit.o)
 *(.init_array*)
 .init_array    0x0800b7c0        0x4 c:/arm-gnu-toolchain/bin/../lib/gcc/arm-none-eabi/12.3.1/thumb/v7-m/nofp/crtbegin.o
                0x0800b7c4                        PROVIDE (__init_array_end = .)
                0x0800b7c4                        . = ALIGN (0x4)

.fini_array     0x0800b7c4        0x4
                0x0800b7c4                        . = ALIGN (0x4)
                0x0800b7c4                        PROVIDE (__fini_array_start = .)
 *(SORT_BY_NAME(.fini_array.*))
 *(.fini_array*)
 .fini_array    0x0800b7c4        0x4 c:/arm-gnu-toolchain/bin/../lib/gcc/arm-none-eabi/12.3.1/thumb/v7-m/nofp/crtbegin.o
                0x0800b7c8                        PROVIDE (__fini_array_end = .)
                0x0800b7c8                        . = ALIGN (0x4)
                0x0800b7c8                        _sidata = LOADADDR (.data)

.data           0x20000000      0x6c4 load address 0x0800b7c8
                0x20000000                        . = ALIGN (0x4)
                0x20000000                        _sdata = .
 *(.data)
 *(.data*)
 .data.SystemCoreClock
                0x20000000        0x4 CMakeFiles/simple-flight.elf.dir/Core/Src/system_stm32f1xx.c.obj
                0x20000000                SystemCoreClock
 .data.uwTickFreq
                0x20000004        0x1 CMakeFiles/simple-flight.elf.dir/Drivers/STM32F1xx_HAL_Driver/Src/stm32f1xx_hal.c.obj
                0x20000004                uwTickFreq
 *fill*         0x20000005        0x3 
 .data.uwTickPrio
                0x20000008        0x4 CMakeFiles/simple-flight.elf.dir/Drivers/STM32F1xx_HAL_Driver/Src/stm32f1xx_hal.c.obj
                0x20000008                uwTickPrio
 .data.__sglue  0x2000000c        0xc c:/arm-gnu-toolchain/bin/../lib/gcc/arm-none-eabi/12.3.1/thumb/v7-m/nofp\libg.a(libc_a-findfp.o)
                0x2000000c                __sglue
 .data._impure_ptr
                0x20000018        0x4 c:/arm-gnu-toolchain/bin/../lib/gcc/arm-none-eabi/12.3.1/thumb/v7-m/nofp\libg.a(libc_a-impure.o)
                0x20000018                _impure_ptr
 *fill*         0x2000001c        0x4 
 .data._impure_data
                0x20000020      0x120 c:/arm-gnu-toolchain/bin/../lib/gcc/arm-none-eabi/12.3.1/thumb/v7-m/nofp\libg.a(libc_a-impure.o)
                0x20000020                _impure_data
 .data.__atexit_recursive_mutex
                0x20000140        0x4 c:/arm-gnu-toolchain/bin/../lib/gcc/arm-none-eabi/12.3.1/thumb/v7-m/nofp\libg.a(libc_a-__call_atexit.o)
                0x20000140                __atexit_recursive_mutex
 .data.__malloc_sbrk_base
                0x20000144        0x4 c:/arm-gnu-toolchain/bin/../lib/gcc/arm-none-eabi/12.3.1/thumb/v7-m/nofp\libg.a(libc_a-mallocr.o)
                0x20000144                __malloc_sbrk_base
 .data.__malloc_trim_threshold
                0x20000148        0x4 c:/arm-gnu-toolchain/bin/../lib/gcc/arm-none-eabi/12.3.1/thumb/v7-m/nofp\libg.a(libc_a-mallocr.o)
                0x20000148                __malloc_trim_threshold
 *fill*         0x2000014c        0x4 
 .data.__malloc_av_
                0x20000150      0x408 c:/arm-gnu-toolchain/bin/../lib/gcc/arm-none-eabi/12.3.1/thumb/v7-m/nofp\libg.a(libc_a-mallocr.o)
                0x20000150                __malloc_av_
 .data.__global_locale
                0x20000558      0x16c c:/arm-gnu-toolchain/bin/../lib/gcc/arm-none-eabi/12.3.1/thumb/v7-m/nofp\libg.a(libc_a-locale.o)
                0x20000558                __global_locale
 *(.RamFunc)
 *(.RamFunc*)
                0x200006c4                        . = ALIGN (0x4)
                0x200006c4                        _edata = .

.tm_clone_table
                0x200006c4        0x0 load address 0x0800be8c
 .tm_clone_table
                0x200006c4        0x0 c:/arm-gnu-toolchain/bin/../lib/gcc/arm-none-eabi/12.3.1/thumb/v7-m/nofp/crtbegin.o
 .tm_clone_table
                0x200006c4        0x0 c:/arm-gnu-toolchain/bin/../lib/gcc/arm-none-eabi/12.3.1/thumb/v7-m/nofp/crtend.o

.igot.plt       0x200006c4        0x0 load address 0x0800be8c
 .igot.plt      0x200006c4        0x0 c:/arm-gnu-toolchain/bin/../lib/gcc/arm-none-eabi/12.3.1/thumb/v7-m/nofp/crtbegin.o
                0x200006c4                        . = ALIGN (0x4)

.bss            0x200006c4     0x18f4 load address 0x0800be8c
                0x200006c4                        _sbss = .
                0x200006c4                        __bss_start__ = _sbss
 *(.bss)
 *(.bss*)
 .bss.completed.1
                0x200006c4        0x1 c:/arm-gnu-toolchain/bin/../lib/gcc/arm-none-eabi/12.3.1/thumb/v7-m/nofp/crtbegin.o
 *fill*         0x200006c5        0x3 
 .bss.object.0  0x200006c8       0x18 c:/arm-gnu-toolchain/bin/../lib/gcc/arm-none-eabi/12.3.1/thumb/v7-m/nofp/crtbegin.o
 .bss.hdma_adc1
                0x200006e0       0x44 CMakeFiles/simple-flight.elf.dir/Core/Src/adc.c.obj
                0x200006e0                hdma_adc1
 .bss.hadc1     0x20000724       0x30 CMakeFiles/simple-flight.elf.dir/Core/Src/adc.c.obj
                0x20000724                hadc1
 .bss.btn_back  0x20000754       0x2c CMakeFiles/simple-flight.elf.dir/Core/Src/btn.c.obj
                0x20000754                btn_back
 .bss.btn_menu  0x20000780       0x2c CMakeFiles/simple-flight.elf.dir/Core/Src/btn.c.obj
                0x20000780                btn_menu
 .bss.btn_l2    0x200007ac       0x2c CMakeFiles/simple-flight.elf.dir/Core/Src/btn.c.obj
                0x200007ac                btn_l2
 .bss.btn_l1    0x200007d8       0x2c CMakeFiles/simple-flight.elf.dir/Core/Src/btn.c.obj
                0x200007d8                btn_l1
 .bss.btn_down  0x20000804       0x2c CMakeFiles/simple-flight.elf.dir/Core/Src/btn.c.obj
                0x20000804                btn_down
 .bss.btn_up    0x20000830       0x2c CMakeFiles/simple-flight.elf.dir/Core/Src/btn.c.obj
                0x20000830                btn_up
 .bss.btn_right
                0x2000085c       0x2c CMakeFiles/simple-flight.elf.dir/Core/Src/btn.c.obj
                0x2000085c                btn_right
 .bss.btn_left  0x20000888       0x2c CMakeFiles/simple-flight.elf.dir/Core/Src/btn.c.obj
                0x20000888                btn_left
 .bss.btn_b     0x200008b4       0x2c CMakeFiles/simple-flight.elf.dir/Core/Src/btn.c.obj
                0x200008b4                btn_b
 .bss.btn_a     0x200008e0       0x2c CMakeFiles/simple-flight.elf.dir/Core/Src/btn.c.obj
                0x200008e0                btn_a
 .bss.btn_y     0x2000090c       0x2c CMakeFiles/simple-flight.elf.dir/Core/Src/btn.c.obj
                0x2000090c                btn_y
 .bss.btn_x     0x20000938       0x2c CMakeFiles/simple-flight.elf.dir/Core/Src/btn.c.obj
                0x20000938                btn_x
 .bss.ADC_Value
                0x20000964       0x3c CMakeFiles/simple-flight.elf.dir/Core/Src/main.c.obj
                0x20000964                ADC_Value
 .bss.hspi2     0x200009a0       0x58 CMakeFiles/simple-flight.elf.dir/Core/Src/spi.c.obj
                0x200009a0                hspi2
 .bss.hspi1     0x200009f8       0x58 CMakeFiles/simple-flight.elf.dir/Core/Src/spi.c.obj
                0x200009f8                hspi1
 .bss.tick.0    0x20000a50        0x1 CMakeFiles/simple-flight.elf.dir/Core/Src/stm32f1xx_it.c.obj
 *fill*         0x20000a51        0x3 
 .bss.__sbrk_heap_end
                0x20000a54        0x4 CMakeFiles/simple-flight.elf.dir/Core/Src/sysmem.c.obj
 .bss.htim6     0x20000a58       0x48 CMakeFiles/simple-flight.elf.dir/Core/Src/tim.c.obj
                0x20000a58                htim6
 .bss.htim3     0x20000aa0       0x48 CMakeFiles/simple-flight.elf.dir/Core/Src/tim.c.obj
                0x20000aa0                htim3
 .bss.U2_RX_Buffer
                0x20000ae8      0x800 CMakeFiles/simple-flight.elf.dir/Core/Src/usart.c.obj
                0x20000ae8                U2_RX_Buffer
 .bss.U1_RX_Buffer
                0x200012e8      0x800 CMakeFiles/simple-flight.elf.dir/Core/Src/usart.c.obj
                0x200012e8                U1_RX_Buffer
 .bss.U2_RX_Struct
                0x20001ae8       0x60 CMakeFiles/simple-flight.elf.dir/Core/Src/usart.c.obj
                0x20001ae8                U2_RX_Struct
 .bss.U1_RX_Struct
                0x20001b48       0x60 CMakeFiles/simple-flight.elf.dir/Core/Src/usart.c.obj
                0x20001b48                U1_RX_Struct
 .bss.U1_TX_Buffer
                0x20001ba8       0x64 CMakeFiles/simple-flight.elf.dir/Core/Src/usart.c.obj
                0x20001ba8                U1_TX_Buffer
 .bss.huart2    0x20001c0c       0x48 CMakeFiles/simple-flight.elf.dir/Core/Src/usart.c.obj
                0x20001c0c                huart2
 .bss.huart1    0x20001c54       0x48 CMakeFiles/simple-flight.elf.dir/Core/Src/usart.c.obj
                0x20001c54                huart1
 .bss.uwTick    0x20001c9c        0x4 CMakeFiles/simple-flight.elf.dir/Drivers/STM32F1xx_HAL_Driver/Src/stm32f1xx_hal.c.obj
                0x20001c9c                uwTick
 .bss.head_handle
                0x20001ca0        0x4 CMakeFiles/simple-flight.elf.dir/Middleware/multi_button.c.obj
 .bss.__sf      0x20001ca4      0x138 c:/arm-gnu-toolchain/bin/../lib/gcc/arm-none-eabi/12.3.1/thumb/v7-m/nofp\libg.a(libc_a-findfp.o)
                0x20001ca4                __sf
 .bss.__stdio_exit_handler
                0x20001ddc        0x4 c:/arm-gnu-toolchain/bin/../lib/gcc/arm-none-eabi/12.3.1/thumb/v7-m/nofp\libg.a(libc_a-findfp.o)
                0x20001ddc                __stdio_exit_handler
 .bss.errno     0x20001de0        0x4 c:/arm-gnu-toolchain/bin/../lib/gcc/arm-none-eabi/12.3.1/thumb/v7-m/nofp\libg.a(libc_a-reent.o)
                0x20001de0                errno
 .bss.__lock___malloc_recursive_mutex
                0x20001de4        0x1 c:/arm-gnu-toolchain/bin/../lib/gcc/arm-none-eabi/12.3.1/thumb/v7-m/nofp\libg.a(libc_a-lock.o)
                0x20001de4                __lock___malloc_recursive_mutex
 *fill*         0x20001de5        0x3 
 .bss.__lock___atexit_recursive_mutex
                0x20001de8        0x1 c:/arm-gnu-toolchain/bin/../lib/gcc/arm-none-eabi/12.3.1/thumb/v7-m/nofp\libg.a(libc_a-lock.o)
                0x20001de8                __lock___atexit_recursive_mutex
 *fill*         0x20001de9        0x3 
 .bss.__lock___sfp_recursive_mutex
                0x20001dec        0x1 c:/arm-gnu-toolchain/bin/../lib/gcc/arm-none-eabi/12.3.1/thumb/v7-m/nofp\libg.a(libc_a-lock.o)
                0x20001dec                __lock___sfp_recursive_mutex
 *fill*         0x20001ded        0x3 
 .bss.__atexit  0x20001df0        0x4 c:/arm-gnu-toolchain/bin/../lib/gcc/arm-none-eabi/12.3.1/thumb/v7-m/nofp\libg.a(libc_a-__call_atexit.o)
                0x20001df0                __atexit
 .bss.__malloc_current_mallinfo
                0x20001df4       0x28 c:/arm-gnu-toolchain/bin/../lib/gcc/arm-none-eabi/12.3.1/thumb/v7-m/nofp\libg.a(libc_a-mallocr.o)
                0x20001df4                __malloc_current_mallinfo
 .bss.__malloc_max_total_mem
                0x20001e1c        0x4 c:/arm-gnu-toolchain/bin/../lib/gcc/arm-none-eabi/12.3.1/thumb/v7-m/nofp\libg.a(libc_a-mallocr.o)
                0x20001e1c                __malloc_max_total_mem
 .bss.__malloc_max_sbrked_mem
                0x20001e20        0x4 c:/arm-gnu-toolchain/bin/../lib/gcc/arm-none-eabi/12.3.1/thumb/v7-m/nofp\libg.a(libc_a-mallocr.o)
                0x20001e20                __malloc_max_sbrked_mem
 .bss.__malloc_top_pad
                0x20001e24        0x4 c:/arm-gnu-toolchain/bin/../lib/gcc/arm-none-eabi/12.3.1/thumb/v7-m/nofp\libg.a(libc_a-mallocr.o)
                0x20001e24                __malloc_top_pad
 .bss.__atexit0
                0x20001e28      0x190 c:/arm-gnu-toolchain/bin/../lib/gcc/arm-none-eabi/12.3.1/thumb/v7-m/nofp\libg.a(libc_a-__atexit.o)
                0x20001e28                __atexit0
 *(COMMON)
                0x20001fb8                        . = ALIGN (0x4)
                0x20001fb8                        _ebss = .
                0x20001fb8                        __bss_end__ = _ebss

._user_heap_stack
                0x20001fb8      0x600 load address 0x0800be8c
                0x20001fb8                        . = ALIGN (0x8)
                [!provide]                        PROVIDE (end = .)
                0x20001fb8                        PROVIDE (_end = .)
                0x200021b8                        . = (. + _Min_Heap_Size)
 *fill*         0x20001fb8      0x200 
                0x200025b8                        . = (. + _Min_Stack_Size)
 *fill*         0x200021b8      0x400 
                0x200025b8                        . = ALIGN (0x8)

/DISCARD/
 libc.a(*)
 libm.a(*)
 libgcc.a(*)

.ARM.attributes
                0x00000000       0x29
 *(.ARM.attributes)
 .ARM.attributes
                0x00000000       0x1d c:/arm-gnu-toolchain/bin/../lib/gcc/arm-none-eabi/12.3.1/thumb/v7-m/nofp/crti.o
 .ARM.attributes
                0x0000001d       0x2d c:/arm-gnu-toolchain/bin/../lib/gcc/arm-none-eabi/12.3.1/thumb/v7-m/nofp/crtbegin.o
 .ARM.attributes
                0x0000004a       0x2d CMakeFiles/simple-flight.elf.dir/BSP/lcd.c.obj
 .ARM.attributes
                0x00000077       0x2d CMakeFiles/simple-flight.elf.dir/BSP/lcd_init.c.obj
 .ARM.attributes
                0x000000a4       0x2d CMakeFiles/simple-flight.elf.dir/Core/Src/adc.c.obj
 .ARM.attributes
                0x000000d1       0x2d CMakeFiles/simple-flight.elf.dir/Core/Src/btn.c.obj
 .ARM.attributes
                0x000000fe       0x2d CMakeFiles/simple-flight.elf.dir/Core/Src/dma.c.obj
 .ARM.attributes
                0x0000012b       0x2d CMakeFiles/simple-flight.elf.dir/Core/Src/gpio.c.obj
 .ARM.attributes
                0x00000158       0x2d CMakeFiles/simple-flight.elf.dir/Core/Src/main.c.obj
 .ARM.attributes
                0x00000185       0x2d CMakeFiles/simple-flight.elf.dir/Core/Src/spi.c.obj
 .ARM.attributes
                0x000001b2       0x2d CMakeFiles/simple-flight.elf.dir/Core/Src/stm32f1xx_hal_msp.c.obj
 .ARM.attributes
                0x000001df       0x2d CMakeFiles/simple-flight.elf.dir/Core/Src/stm32f1xx_it.c.obj
 .ARM.attributes
                0x0000020c       0x2d CMakeFiles/simple-flight.elf.dir/Core/Src/syscalls.c.obj
 .ARM.attributes
                0x00000239       0x2d CMakeFiles/simple-flight.elf.dir/Core/Src/sysmem.c.obj
 .ARM.attributes
                0x00000266       0x2d CMakeFiles/simple-flight.elf.dir/Core/Src/system_stm32f1xx.c.obj
 .ARM.attributes
                0x00000293       0x2d CMakeFiles/simple-flight.elf.dir/Core/Src/tim.c.obj
 .ARM.attributes
                0x000002c0       0x2d CMakeFiles/simple-flight.elf.dir/Core/Src/usart.c.obj
 .ARM.attributes
                0x000002ed       0x21 CMakeFiles/simple-flight.elf.dir/Core/Startup/startup_stm32f103rctx.s.obj
 .ARM.attributes
                0x0000030e       0x2d CMakeFiles/simple-flight.elf.dir/Drivers/STM32F1xx_HAL_Driver/Src/stm32f1xx_hal.c.obj
 .ARM.attributes
                0x0000033b       0x2d CMakeFiles/simple-flight.elf.dir/Drivers/STM32F1xx_HAL_Driver/Src/stm32f1xx_hal_adc.c.obj
 .ARM.attributes
                0x00000368       0x2d CMakeFiles/simple-flight.elf.dir/Drivers/STM32F1xx_HAL_Driver/Src/stm32f1xx_hal_adc_ex.c.obj
 .ARM.attributes
                0x00000395       0x2d CMakeFiles/simple-flight.elf.dir/Drivers/STM32F1xx_HAL_Driver/Src/stm32f1xx_hal_cortex.c.obj
 .ARM.attributes
                0x000003c2       0x2d CMakeFiles/simple-flight.elf.dir/Drivers/STM32F1xx_HAL_Driver/Src/stm32f1xx_hal_dma.c.obj
 .ARM.attributes
                0x000003ef       0x2d CMakeFiles/simple-flight.elf.dir/Drivers/STM32F1xx_HAL_Driver/Src/stm32f1xx_hal_gpio.c.obj
 .ARM.attributes
                0x0000041c       0x2d CMakeFiles/simple-flight.elf.dir/Drivers/STM32F1xx_HAL_Driver/Src/stm32f1xx_hal_rcc.c.obj
 .ARM.attributes
                0x00000449       0x2d CMakeFiles/simple-flight.elf.dir/Drivers/STM32F1xx_HAL_Driver/Src/stm32f1xx_hal_rcc_ex.c.obj
 .ARM.attributes
                0x00000476       0x2d CMakeFiles/simple-flight.elf.dir/Drivers/STM32F1xx_HAL_Driver/Src/stm32f1xx_hal_spi.c.obj
 .ARM.attributes
                0x000004a3       0x2d CMakeFiles/simple-flight.elf.dir/Drivers/STM32F1xx_HAL_Driver/Src/stm32f1xx_hal_tim.c.obj
 .ARM.attributes
                0x000004d0       0x2d CMakeFiles/simple-flight.elf.dir/Drivers/STM32F1xx_HAL_Driver/Src/stm32f1xx_hal_tim_ex.c.obj
 .ARM.attributes
                0x000004fd       0x2d CMakeFiles/simple-flight.elf.dir/Drivers/STM32F1xx_HAL_Driver/Src/stm32f1xx_hal_uart.c.obj
 .ARM.attributes
                0x0000052a       0x2d CMakeFiles/simple-flight.elf.dir/Middleware/multi_button.c.obj
 .ARM.attributes
                0x00000557       0x1d c:/arm-gnu-toolchain/bin/../lib/gcc/arm-none-eabi/12.3.1/thumb/v7-m/nofp\libgcc.a(_arm_addsubsf3.o)
 .ARM.attributes
                0x00000574       0x1d c:/arm-gnu-toolchain/bin/../lib/gcc/arm-none-eabi/12.3.1/thumb/v7-m/nofp\libgcc.a(_arm_muldivsf3.o)
 .ARM.attributes
                0x00000591       0x1d c:/arm-gnu-toolchain/bin/../lib/gcc/arm-none-eabi/12.3.1/thumb/v7-m/nofp\libgcc.a(_arm_fixunssfsi.o)
 .ARM.attributes
                0x000005ae       0x2d c:/arm-gnu-toolchain/bin/../lib/gcc/arm-none-eabi/12.3.1/thumb/v7-m/nofp\libg.a(libc_a-findfp.o)
 .ARM.attributes
                0x000005db       0x2d c:/arm-gnu-toolchain/bin/../lib/gcc/arm-none-eabi/12.3.1/thumb/v7-m/nofp\libg.a(libc_a-fwalk.o)
 .ARM.attributes
                0x00000608       0x2d c:/arm-gnu-toolchain/bin/../lib/gcc/arm-none-eabi/12.3.1/thumb/v7-m/nofp\libg.a(libc_a-stdio.o)
 .ARM.attributes
                0x00000635       0x2d c:/arm-gnu-toolchain/bin/../lib/gcc/arm-none-eabi/12.3.1/thumb/v7-m/nofp\libg.a(libc_a-vsprintf.o)
 .ARM.attributes
                0x00000662       0x2d c:/arm-gnu-toolchain/bin/../lib/gcc/arm-none-eabi/12.3.1/thumb/v7-m/nofp\libg.a(libc_a-memset.o)
 .ARM.attributes
                0x0000068f       0x2d c:/arm-gnu-toolchain/bin/../lib/gcc/arm-none-eabi/12.3.1/thumb/v7-m/nofp\libg.a(libc_a-closer.o)
 .ARM.attributes
                0x000006bc       0x2d c:/arm-gnu-toolchain/bin/../lib/gcc/arm-none-eabi/12.3.1/thumb/v7-m/nofp\libg.a(libc_a-reent.o)
 .ARM.attributes
                0x000006e9       0x2d c:/arm-gnu-toolchain/bin/../lib/gcc/arm-none-eabi/12.3.1/thumb/v7-m/nofp\libg.a(libc_a-impure.o)
 .ARM.attributes
                0x00000716       0x2d c:/arm-gnu-toolchain/bin/../lib/gcc/arm-none-eabi/12.3.1/thumb/v7-m/nofp\libg.a(libc_a-lseekr.o)
 .ARM.attributes
                0x00000743       0x2d c:/arm-gnu-toolchain/bin/../lib/gcc/arm-none-eabi/12.3.1/thumb/v7-m/nofp\libg.a(libc_a-readr.o)
 .ARM.attributes
                0x00000770       0x2d c:/arm-gnu-toolchain/bin/../lib/gcc/arm-none-eabi/12.3.1/thumb/v7-m/nofp\libg.a(libc_a-writer.o)
 .ARM.attributes
                0x0000079d       0x2d c:/arm-gnu-toolchain/bin/../lib/gcc/arm-none-eabi/12.3.1/thumb/v7-m/nofp\libg.a(libc_a-errno.o)
 .ARM.attributes
                0x000007ca       0x2d c:/arm-gnu-toolchain/bin/../lib/gcc/arm-none-eabi/12.3.1/thumb/v7-m/nofp\libg.a(libc_a-init.o)
 .ARM.attributes
                0x000007f7       0x2d c:/arm-gnu-toolchain/bin/../lib/gcc/arm-none-eabi/12.3.1/thumb/v7-m/nofp\libg.a(libc_a-lock.o)
 .ARM.attributes
                0x00000824       0x2d c:/arm-gnu-toolchain/bin/../lib/gcc/arm-none-eabi/12.3.1/thumb/v7-m/nofp\libg.a(libc_a-strlen-stub.o)
 .ARM.attributes
                0x00000851       0x2d c:/arm-gnu-toolchain/bin/../lib/gcc/arm-none-eabi/12.3.1/thumb/v7-m/nofp\libg.a(libc_a-__call_atexit.o)
 .ARM.attributes
                0x0000087e       0x2d c:/arm-gnu-toolchain/bin/../lib/gcc/arm-none-eabi/12.3.1/thumb/v7-m/nofp\libg.a(libc_a-atexit.o)
 .ARM.attributes
                0x000008ab       0x2d c:/arm-gnu-toolchain/bin/../lib/gcc/arm-none-eabi/12.3.1/thumb/v7-m/nofp\libg.a(libc_a-freer.o)
 .ARM.attributes
                0x000008d8       0x2d c:/arm-gnu-toolchain/bin/../lib/gcc/arm-none-eabi/12.3.1/thumb/v7-m/nofp\libg.a(libc_a-mallocr.o)
 .ARM.attributes
                0x00000905       0x2d c:/arm-gnu-toolchain/bin/../lib/gcc/arm-none-eabi/12.3.1/thumb/v7-m/nofp\libg.a(libc_a-mlock.o)
 .ARM.attributes
                0x00000932       0x2d c:/arm-gnu-toolchain/bin/../lib/gcc/arm-none-eabi/12.3.1/thumb/v7-m/nofp\libg.a(libc_a-svfprintf.o)
 .ARM.attributes
                0x0000095f       0x2d c:/arm-gnu-toolchain/bin/../lib/gcc/arm-none-eabi/12.3.1/thumb/v7-m/nofp\libg.a(libc_a-fclose.o)
 .ARM.attributes
                0x0000098c       0x2d c:/arm-gnu-toolchain/bin/../lib/gcc/arm-none-eabi/12.3.1/thumb/v7-m/nofp\libg.a(libc_a-fflush.o)
 .ARM.attributes
                0x000009b9       0x2d c:/arm-gnu-toolchain/bin/../lib/gcc/arm-none-eabi/12.3.1/thumb/v7-m/nofp\libg.a(libc_a-strncpy.o)
 .ARM.attributes
                0x000009e6       0x2d c:/arm-gnu-toolchain/bin/../lib/gcc/arm-none-eabi/12.3.1/thumb/v7-m/nofp\libg.a(libc_a-locale.o)
 .ARM.attributes
                0x00000a13       0x2d c:/arm-gnu-toolchain/bin/../lib/gcc/arm-none-eabi/12.3.1/thumb/v7-m/nofp\libg.a(libc_a-localeconv.o)
 .ARM.attributes
                0x00000a40       0x2d c:/arm-gnu-toolchain/bin/../lib/gcc/arm-none-eabi/12.3.1/thumb/v7-m/nofp\libg.a(libc_a-sbrkr.o)
 .ARM.attributes
                0x00000a6d       0x2d c:/arm-gnu-toolchain/bin/../lib/gcc/arm-none-eabi/12.3.1/thumb/v7-m/nofp\libg.a(libc_a-fini.o)
 .ARM.attributes
                0x00000a9a       0x2d c:/arm-gnu-toolchain/bin/../lib/gcc/arm-none-eabi/12.3.1/thumb/v7-m/nofp\libg.a(libc_a-sysconf.o)
 .ARM.attributes
                0x00000ac7       0x2d c:/arm-gnu-toolchain/bin/../lib/gcc/arm-none-eabi/12.3.1/thumb/v7-m/nofp\libg.a(libc_a-memchr-stub.o)
 .ARM.attributes
                0x00000af4       0x2d c:/arm-gnu-toolchain/bin/../lib/gcc/arm-none-eabi/12.3.1/thumb/v7-m/nofp\libg.a(libm_a-s_frexp.o)
 .ARM.attributes
                0x00000b21       0x2d c:/arm-gnu-toolchain/bin/../lib/gcc/arm-none-eabi/12.3.1/thumb/v7-m/nofp\libg.a(libc_a-__atexit.o)
 .ARM.attributes
                0x00000b4e       0x2d c:/arm-gnu-toolchain/bin/../lib/gcc/arm-none-eabi/12.3.1/thumb/v7-m/nofp\libg.a(libc_a-dtoa.o)
 .ARM.attributes
                0x00000b7b       0x2d c:/arm-gnu-toolchain/bin/../lib/gcc/arm-none-eabi/12.3.1/thumb/v7-m/nofp\libg.a(libc_a-mbtowc_r.o)
 .ARM.attributes
                0x00000ba8       0x2d c:/arm-gnu-toolchain/bin/../lib/gcc/arm-none-eabi/12.3.1/thumb/v7-m/nofp\libg.a(libc_a-mprec.o)
 .ARM.attributes
                0x00000bd5       0x2d c:/arm-gnu-toolchain/bin/../lib/gcc/arm-none-eabi/12.3.1/thumb/v7-m/nofp\libg.a(libc_a-wctomb_r.o)
 .ARM.attributes
                0x00000c02       0x2d c:/arm-gnu-toolchain/bin/../lib/gcc/arm-none-eabi/12.3.1/thumb/v7-m/nofp\libg.a(libc_a-wcrtomb.o)
 .ARM.attributes
                0x00000c2f       0x2d c:/arm-gnu-toolchain/bin/../lib/gcc/arm-none-eabi/12.3.1/thumb/v7-m/nofp\libg.a(libc_a-wcsrtombs.o)
 .ARM.attributes
                0x00000c5c       0x2d c:/arm-gnu-toolchain/bin/../lib/gcc/arm-none-eabi/12.3.1/thumb/v7-m/nofp\libg.a(libc_a-ctype_.o)
 .ARM.attributes
                0x00000c89       0x2d c:/arm-gnu-toolchain/bin/../lib/gcc/arm-none-eabi/12.3.1/thumb/v7-m/nofp\libg.a(libc_a-svfiprintf.o)
 .ARM.attributes
                0x00000cb6       0x2d c:/arm-gnu-toolchain/bin/../lib/gcc/arm-none-eabi/12.3.1/thumb/v7-m/nofp\libg.a(libc_a-memmove.o)
 .ARM.attributes
                0x00000ce3       0x1b c:/arm-gnu-toolchain/bin/../lib/gcc/arm-none-eabi/12.3.1/thumb/v7-m/nofp\libg.a(libc_a-memcpy.o)
 .ARM.attributes
                0x00000cfe       0x2d c:/arm-gnu-toolchain/bin/../lib/gcc/arm-none-eabi/12.3.1/thumb/v7-m/nofp\libg.a(libc_a-assert.o)
 .ARM.attributes
                0x00000d2b       0x2d c:/arm-gnu-toolchain/bin/../lib/gcc/arm-none-eabi/12.3.1/thumb/v7-m/nofp\libg.a(libc_a-callocr.o)
 .ARM.attributes
                0x00000d58       0x2d c:/arm-gnu-toolchain/bin/../lib/gcc/arm-none-eabi/12.3.1/thumb/v7-m/nofp\libg.a(libc_a-reallocr.o)
 .ARM.attributes
                0x00000d85       0x2d c:/arm-gnu-toolchain/bin/../lib/gcc/arm-none-eabi/12.3.1/thumb/v7-m/nofp\libg.a(libc_a-wcsnrtombs.o)
 .ARM.attributes
                0x00000db2       0x2d c:/arm-gnu-toolchain/bin/../lib/gcc/arm-none-eabi/12.3.1/thumb/v7-m/nofp\libg.a(libc_a-fiprintf.o)
 .ARM.attributes
                0x00000ddf       0x2d c:/arm-gnu-toolchain/bin/../lib/gcc/arm-none-eabi/12.3.1/thumb/v7-m/nofp\libg.a(libc_a-vfiprintf.o)
 .ARM.attributes
                0x00000e0c       0x2d c:/arm-gnu-toolchain/bin/../lib/gcc/arm-none-eabi/12.3.1/thumb/v7-m/nofp\libg.a(libc_a-fvwrite.o)
 .ARM.attributes
                0x00000e39       0x2d c:/arm-gnu-toolchain/bin/../lib/gcc/arm-none-eabi/12.3.1/thumb/v7-m/nofp\libg.a(libc_a-wsetup.o)
 .ARM.attributes
                0x00000e66       0x2d c:/arm-gnu-toolchain/bin/../lib/gcc/arm-none-eabi/12.3.1/thumb/v7-m/nofp\libg.a(libc_a-fputwc.o)
 .ARM.attributes
                0x00000e93       0x2d c:/arm-gnu-toolchain/bin/../lib/gcc/arm-none-eabi/12.3.1/thumb/v7-m/nofp\libg.a(libc_a-abort.o)
 .ARM.attributes
                0x00000ec0       0x2d c:/arm-gnu-toolchain/bin/../lib/gcc/arm-none-eabi/12.3.1/thumb/v7-m/nofp\libg.a(libc_a-makebuf.o)
 .ARM.attributes
                0x00000eed       0x2d c:/arm-gnu-toolchain/bin/../lib/gcc/arm-none-eabi/12.3.1/thumb/v7-m/nofp\libg.a(libc_a-wbuf.o)
 .ARM.attributes